2020-12-30T20:07:14.5248066Z ##[section]Starting: Request a runner to run this job
2020-12-30T20:07:14.6322145Z Can't find any online and idle self-hosted runner in current repository that matches the required labels: 'ubuntu-latest'
2020-12-30T20:07:14.6949047Z Can't find any online and idle self-hosted runner in current repository's organization account that matches the required labels: 'ubuntu-latest'
2020-12-30T20:07:14.8236612Z Found online and idle hosted runner in current repository's organization account that matches the required labels: 'ubuntu-latest'
2020-12-30T20:07:14.9932589Z ##[section]Finishing: Request a runner to run this job
2020-12-30T20:07:22.4337508Z Current runner version: '2.275.1'
2020-12-30T20:07:22.4370117Z ##[group]Operating System
2020-12-30T20:07:22.4371017Z Ubuntu
2020-12-30T20:07:22.4371411Z 18.04.5
2020-12-30T20:07:22.4371880Z LTS
2020-12-30T20:07:22.4372335Z ##[endgroup]
2020-12-30T20:07:22.4372817Z ##[group]Virtual Environment
2020-12-30T20:07:22.4373416Z Environment: ubuntu-18.04
2020-12-30T20:07:22.4373957Z Version: 20201210.0
2020-12-30T20:07:22.4374839Z Included Software: https://github.com/actions/virtual-environments/blob/ubuntu18/20201210.0/images/linux/Ubuntu1804-README.md
2020-12-30T20:07:22.4375744Z ##[endgroup]
2020-12-30T20:07:22.4379546Z Prepare workflow directory
2020-12-30T20:07:22.5135316Z Prepare all required actions
2020-12-30T20:07:22.5147338Z Getting action download info
2020-12-30T20:07:24.4429322Z Download action repository 'actions/cache@v1'
2020-12-30T20:07:25.4116039Z Download action repository 'actions/checkout@v1'
2020-12-30T20:07:25.5325065Z Download action repository 'trilom/file-changes-action@v1.2.4'
2020-12-30T20:07:25.8678446Z Download action repository 'actions/setup-node@v1'
2020-12-30T20:07:26.0663108Z Download action repository 'danger/danger-js@9.1.8'
2020-12-30T20:07:26.4076770Z Download action repository 'paretogroup/actions-netlify@v1.1.10'
2020-12-30T20:07:27.6752253Z Download action repository 'codecov/codecov-action@v1'
2020-12-30T20:07:28.0201582Z ##[group]Build container for action use: '/home/runner/work/_actions/danger/danger-js/9.1.8/Dockerfile'.
2020-12-30T20:07:28.0273036Z ##[command]/usr/bin/docker build -t cc4956:dec5b9a755fc4f6fbc655ff8a8c79710 -f "/home/runner/work/_actions/danger/danger-js/9.1.8/Dockerfile" "/home/runner/work/_actions/danger/danger-js/9.1.8"
2020-12-30T20:07:29.4110546Z Sending build context to Docker daemon  2.197MB
2020-12-30T20:07:29.4114668Z 
2020-12-30T20:07:29.4115674Z Step 1/10 : FROM node:10-slim
2020-12-30T20:07:29.4116470Z 10-slim: Pulling from library/node
2020-12-30T20:07:29.5555588Z e50c3c9ef5a2: Pulling fs layer
2020-12-30T20:07:29.5557958Z 7d035f3b6068: Pulling fs layer
2020-12-30T20:07:29.5558593Z f088d54f7ee0: Pulling fs layer
2020-12-30T20:07:29.5560276Z ad4478cb39bc: Pulling fs layer
2020-12-30T20:07:29.5562568Z 8228e6e12c54: Pulling fs layer
2020-12-30T20:07:29.5564819Z ad4478cb39bc: Waiting
2020-12-30T20:07:29.5568154Z 8228e6e12c54: Waiting
2020-12-30T20:07:29.6579207Z 7d035f3b6068: Verifying Checksum
2020-12-30T20:07:29.6582884Z 7d035f3b6068: Download complete
2020-12-30T20:07:29.8370367Z f088d54f7ee0: Verifying Checksum
2020-12-30T20:07:29.8380027Z f088d54f7ee0: Download complete
2020-12-30T20:07:29.8466428Z e50c3c9ef5a2: Verifying Checksum
2020-12-30T20:07:29.8479225Z e50c3c9ef5a2: Download complete
2020-12-30T20:07:29.8618936Z ad4478cb39bc: Verifying Checksum
2020-12-30T20:07:29.8634972Z ad4478cb39bc: Download complete
2020-12-30T20:07:29.9420563Z 8228e6e12c54: Verifying Checksum
2020-12-30T20:07:29.9430822Z 8228e6e12c54: Download complete
2020-12-30T20:07:30.8977929Z e50c3c9ef5a2: Pull complete
2020-12-30T20:07:30.9635702Z 7d035f3b6068: Pull complete
2020-12-30T20:07:32.2582027Z f088d54f7ee0: Pull complete
2020-12-30T20:07:32.4128177Z ad4478cb39bc: Pull complete
2020-12-30T20:07:32.4772910Z 8228e6e12c54: Pull complete
2020-12-30T20:07:32.4812939Z Digest: sha256:0b44163a31a5d4862ca5efc0a438413e0495f8feedcb28f5f924d489bfa5cf9e
2020-12-30T20:07:32.4842585Z Status: Downloaded newer image for node:10-slim
2020-12-30T20:07:32.4869361Z  ---> 47f9f86ae8b5
2020-12-30T20:07:32.4870221Z Step 2/10 : MAINTAINER Orta Therox
2020-12-30T20:07:34.9084889Z  ---> Running in c1b104c0f38e
2020-12-30T20:07:35.3488100Z Removing intermediate container c1b104c0f38e
2020-12-30T20:07:35.3488756Z  ---> 49180a05b5ed
2020-12-30T20:07:35.3489409Z Step 3/10 : LABEL "com.github.actions.name"="Danger JS Action"
2020-12-30T20:07:35.3688901Z  ---> Running in 3b84a2da7268
2020-12-30T20:07:36.0260019Z Removing intermediate container 3b84a2da7268
2020-12-30T20:07:36.0262583Z  ---> 5832a5dd43d3
2020-12-30T20:07:36.0263964Z Step 4/10 : LABEL "com.github.actions.description"="Runs JavaScript/TypeScript Dangerfiles"
2020-12-30T20:07:36.0514430Z  ---> Running in da6ee9312ec6
2020-12-30T20:07:37.0281761Z Removing intermediate container da6ee9312ec6
2020-12-30T20:07:37.0282293Z  ---> 8234533bdcfa
2020-12-30T20:07:37.0282837Z Step 5/10 : LABEL "com.github.actions.icon"="zap"
2020-12-30T20:07:37.0527369Z  ---> Running in 56b671ac54bc
2020-12-30T20:07:38.0246299Z Removing intermediate container 56b671ac54bc
2020-12-30T20:07:38.0246860Z  ---> 17f26c28a26a
2020-12-30T20:07:38.0247411Z Step 6/10 : LABEL "com.github.actions.color"="blue"
2020-12-30T20:07:38.0490834Z  ---> Running in 7a19a1f2d2be
2020-12-30T20:07:39.0259190Z Removing intermediate container 7a19a1f2d2be
2020-12-30T20:07:39.0259710Z  ---> a9f946a8bb26
2020-12-30T20:07:39.0260103Z Step 7/10 : RUN mkdir -p /usr/src/danger
2020-12-30T20:07:39.0472205Z  ---> Running in 64cefbfdf504
2020-12-30T20:07:40.0288893Z Removing intermediate container 64cefbfdf504
2020-12-30T20:07:40.0289600Z  ---> 8eab0d233261
2020-12-30T20:07:40.0290056Z Step 8/10 : COPY . /usr/src/danger
2020-12-30T20:07:41.0600542Z  ---> 13dacf3f30aa
2020-12-30T20:07:41.0601490Z Step 9/10 : RUN cd /usr/src/danger &&   yarn &&   yarn run build:fast &&   chmod +x distribution/commands/danger.js &&   ln -s $(pwd)/distribution/commands/danger.js /usr/bin/danger
2020-12-30T20:07:41.1082363Z  ---> Running in 3f59629eb7fe
2020-12-30T20:07:41.5900812Z yarn install v1.22.5
2020-12-30T20:07:41.7325870Z [1/4] Resolving packages...
2020-12-30T20:07:42.3052367Z [2/4] Fetching packages...
2020-12-30T20:08:01.9559885Z info fsevents@1.2.4: The platform "linux" is incompatible with this module.
2020-12-30T20:08:01.9561737Z info "fsevents@1.2.4" is an optional dependency and failed compatibility check. Excluding it from installation.
2020-12-30T20:08:01.9637352Z info fsevents@1.2.7: The platform "linux" is incompatible with this module.
2020-12-30T20:08:01.9638861Z info "fsevents@1.2.7" is an optional dependency and failed compatibility check. Excluding it from installation.
2020-12-30T20:08:01.9722415Z [3/4] Linking dependencies...
2020-12-30T20:08:16.4174419Z [4/4] Building fresh packages...
2020-12-30T20:08:16.6204509Z Done in 35.03s.
2020-12-30T20:08:16.8600049Z yarn run v1.22.5
2020-12-30T20:08:16.9205766Z $ tsc -p tsconfig.production.json
2020-12-30T20:08:23.6554896Z Done in 6.80s.
2020-12-30T20:09:05.6237795Z Removing intermediate container 3f59629eb7fe
2020-12-30T20:09:05.6238949Z  ---> b6d70ae20853
2020-12-30T20:09:05.6240479Z Step 10/10 : ENTRYPOINT ["danger", "ci"]
2020-12-30T20:09:06.1195403Z  ---> Running in 7445d5be5073
2020-12-30T20:09:10.2454453Z Removing intermediate container 7445d5be5073
2020-12-30T20:09:10.2454922Z  ---> cdab4218da19
2020-12-30T20:09:10.2455309Z Successfully built cdab4218da19
2020-12-30T20:09:10.2493438Z Successfully tagged cc4956:dec5b9a755fc4f6fbc655ff8a8c79710
2020-12-30T20:09:10.2555618Z ##[endgroup]
2020-12-30T20:09:10.2809045Z ##[group]Run echo "::set-output name=dir::$(npm config get cache)"
2020-12-30T20:09:10.2810183Z [36;1mecho "::set-output name=dir::$(npm config get cache)"[0m
2020-12-30T20:09:10.2857247Z shell: /bin/bash -e {0}
2020-12-30T20:09:10.2857701Z ##[endgroup]
2020-12-30T20:09:11.3744672Z ##[group]Run actions/cache@v1
2020-12-30T20:09:11.3745055Z with:
2020-12-30T20:09:11.3745370Z   path: /home/runner/.npm
2020-12-30T20:09:11.3745872Z   key: Linux-build-cache-node-modules-
2020-12-30T20:09:11.3746678Z   restore-keys: Linux-build-cache-node-modules-
Linux-build-
Linux-

2020-12-30T20:09:11.3747272Z env:
2020-12-30T20:09:11.3747631Z   cache-name: cache-node-modules
2020-12-30T20:09:11.3748030Z ##[endgroup]
2020-12-30T20:09:11.5163616Z Cache not found for input keys: Linux-build-cache-node-modules-, Linux-build-cache-node-modules-, Linux-build-, Linux-.
2020-12-30T20:09:11.5301575Z ##[group]Run actions/checkout@v1
2020-12-30T20:09:11.5302013Z with:
2020-12-30T20:09:11.5302335Z   clean: true
2020-12-30T20:09:11.5303148Z ##[endgroup]
2020-12-30T20:09:11.9056075Z Syncing repository: paretogroup/platform-spa
2020-12-30T20:09:11.9219164Z ##[command]git version
2020-12-30T20:09:11.9614250Z git version 2.29.2
2020-12-30T20:09:11.9689083Z ##[command]git lfs version
2020-12-30T20:09:12.1115069Z git-lfs/2.12.1 (GitHub; linux amd64; go 1.13.4)
2020-12-30T20:09:12.1265430Z ##[command]git init "/home/runner/work/platform-spa/platform-spa"
2020-12-30T20:09:12.1383113Z Initialized empty Git repository in /home/runner/work/platform-spa/platform-spa/.git/
2020-12-30T20:09:12.1404408Z ##[command]git remote add origin https://github.com/paretogroup/platform-spa
2020-12-30T20:09:12.1453196Z ##[command]git config gc.auto 0
2020-12-30T20:09:12.1503178Z ##[command]git config --get-all http.https://github.com/paretogroup/platform-spa.extraheader
2020-12-30T20:09:12.1583164Z ##[command]git -c http.extraheader="AUTHORIZATION: basic ***" fetch --tags --prune --progress --no-recurse-submodules origin +refs/heads/*:refs/remotes/origin/* +refs/pull/1199/merge:refs/remotes/pull/1199/merge
2020-12-30T20:09:12.6022257Z remote: Enumerating objects: 1055, done.        
2020-12-30T20:09:12.6023252Z remote: Counting objects:   0% (1/1055)        
2020-12-30T20:09:12.6033575Z remote: Counting objects:   1% (11/1055)        
2020-12-30T20:09:12.6034532Z remote: Counting objects:   2% (22/1055)        
2020-12-30T20:09:12.6035050Z remote: Counting objects:   3% (32/1055)        
2020-12-30T20:09:12.6035982Z remote: Counting objects:   4% (43/1055)        
2020-12-30T20:09:12.6045027Z remote: Counting objects:   5% (53/1055)        
2020-12-30T20:09:12.6051361Z remote: Counting objects:   6% (64/1055)        
2020-12-30T20:09:12.6052673Z remote: Counting objects:   7% (74/1055)        
2020-12-30T20:09:12.6053234Z remote: Counting objects:   8% (85/1055)        
2020-12-30T20:09:12.6054497Z remote: Counting objects:   9% (95/1055)        
2020-12-30T20:09:12.6065684Z remote: Counting objects:  10% (106/1055)        
2020-12-30T20:09:12.6071343Z remote: Counting objects:  11% (117/1055)        
2020-12-30T20:09:12.6072043Z remote: Counting objects:  12% (127/1055)        
2020-12-30T20:09:12.6072734Z remote: Counting objects:  13% (138/1055)        
2020-12-30T20:09:12.6074633Z remote: Counting objects:  14% (148/1055)        
2020-12-30T20:09:12.6075504Z remote: Counting objects:  15% (159/1055)        
2020-12-30T20:09:12.6076005Z remote: Counting objects:  16% (169/1055)        
2020-12-30T20:09:12.6076511Z remote: Counting objects:  17% (180/1055)        
2020-12-30T20:09:12.6077017Z remote: Counting objects:  18% (190/1055)        
2020-12-30T20:09:12.6077507Z remote: Counting objects:  19% (201/1055)        
2020-12-30T20:09:12.6078016Z remote: Counting objects:  20% (211/1055)        
2020-12-30T20:09:12.6078520Z remote: Counting objects:  21% (222/1055)        
2020-12-30T20:09:12.6081751Z remote: Counting objects:  22% (233/1055)        
2020-12-30T20:09:12.6082478Z remote: Counting objects:  23% (243/1055)        
2020-12-30T20:09:12.6098176Z remote: Counting objects:  24% (254/1055)        
2020-12-30T20:09:12.6098711Z remote: Counting objects:  25% (264/1055)        
2020-12-30T20:09:12.6099247Z remote: Counting objects:  26% (275/1055)        
2020-12-30T20:09:12.6100646Z remote: Counting objects:  27% (285/1055)        
2020-12-30T20:09:12.6101311Z remote: Counting objects:  28% (296/1055)        
2020-12-30T20:09:12.6102119Z remote: Counting objects:  29% (306/1055)        
2020-12-30T20:09:12.6102605Z remote: Counting objects:  30% (317/1055)        
2020-12-30T20:09:12.6103084Z remote: Counting objects:  31% (328/1055)        
2020-12-30T20:09:12.6104556Z remote: Counting objects:  32% (338/1055)        
2020-12-30T20:09:12.6105406Z remote: Counting objects:  33% (349/1055)        
2020-12-30T20:09:12.6106065Z remote: Counting objects:  34% (359/1055)        
2020-12-30T20:09:12.6107086Z remote: Counting objects:  35% (370/1055)        
2020-12-30T20:09:12.6107584Z remote: Counting objects:  36% (380/1055)        
2020-12-30T20:09:12.6206848Z remote: Counting objects:  37% (391/1055)        
2020-12-30T20:09:13.1808397Z remote: Counting objects:  38% (401/1055)        
2020-12-30T20:09:13.1809461Z remote: Counting objects:  39% (412/1055)        
2020-12-30T20:09:13.1816980Z remote: Counting objects:  40% (422/1055)        
2020-12-30T20:09:13.1817570Z remote: Counting objects:  41% (433/1055)        
2020-12-30T20:09:13.1818077Z remote: Counting objects:  42% (444/1055)        
2020-12-30T20:09:13.1818573Z remote: Counting objects:  43% (454/1055)        
2020-12-30T20:09:13.1819052Z remote: Counting objects:  44% (465/1055)        
2020-12-30T20:09:13.1819549Z remote: Counting objects:  45% (475/1055)        
2020-12-30T20:09:13.1820042Z remote: Counting objects:  46% (486/1055)        
2020-12-30T20:09:13.1820520Z remote: Counting objects:  47% (496/1055)        
2020-12-30T20:09:13.1821032Z remote: Counting objects:  48% (507/1055)        
2020-12-30T20:09:13.1821527Z remote: Counting objects:  49% (517/1055)        
2020-12-30T20:09:13.1822006Z remote: Counting objects:  50% (528/1055)        
2020-12-30T20:09:13.1822601Z remote: Counting objects:  51% (539/1055)        
2020-12-30T20:09:13.1823202Z remote: Counting objects:  52% (549/1055)        
2020-12-30T20:09:13.1823781Z remote: Counting objects:  53% (560/1055)        
2020-12-30T20:09:13.1824326Z remote: Counting objects:  54% (570/1055)        
2020-12-30T20:09:13.1824890Z remote: Counting objects:  55% (581/1055)        
2020-12-30T20:09:13.1825472Z remote: Counting objects:  56% (591/1055)        
2020-12-30T20:09:13.1826013Z remote: Counting objects:  57% (602/1055)        
2020-12-30T20:09:13.1826576Z remote: Counting objects:  58% (612/1055)        
2020-12-30T20:09:13.1827141Z remote: Counting objects:  59% (623/1055)        
2020-12-30T20:09:13.1827835Z remote: Counting objects:  60% (633/1055)        
2020-12-30T20:09:13.1828443Z remote: Counting objects:  61% (644/1055)        
2020-12-30T20:09:13.1829517Z remote: Counting objects:  62% (655/1055)        
2020-12-30T20:09:13.1830666Z remote: Counting objects:  63% (665/1055)        
2020-12-30T20:09:13.1831541Z remote: Counting objects:  64% (676/1055)        
2020-12-30T20:09:13.1832119Z remote: Counting objects:  65% (686/1055)        
2020-12-30T20:09:13.1833505Z remote: Counting objects:  66% (697/1055)        
2020-12-30T20:09:13.1834028Z remote: Counting objects:  67% (707/1055)        
2020-12-30T20:09:13.1834588Z remote: Counting objects:  68% (718/1055)        
2020-12-30T20:09:13.1835168Z remote: Counting objects:  69% (728/1055)        
2020-12-30T20:09:13.1835682Z remote: Counting objects:  70% (739/1055)        
2020-12-30T20:09:13.1836460Z remote: Counting objects:  71% (750/1055)        
2020-12-30T20:09:13.1837038Z remote: Counting objects:  72% (760/1055)        
2020-12-30T20:09:13.1837871Z remote: Counting objects:  73% (771/1055)        
2020-12-30T20:09:13.1838396Z remote: Counting objects:  74% (781/1055)        
2020-12-30T20:09:13.1838960Z remote: Counting objects:  75% (792/1055)        
2020-12-30T20:09:13.1839553Z remote: Counting objects:  76% (802/1055)        
2020-12-30T20:09:13.1840066Z remote: Counting objects:  77% (813/1055)        
2020-12-30T20:09:13.1840656Z remote: Counting objects:  78% (823/1055)        
2020-12-30T20:09:13.1841220Z remote: Counting objects:  79% (834/1055)        
2020-12-30T20:09:13.1841930Z remote: Counting objects:  80% (844/1055)        
2020-12-30T20:09:13.1842461Z remote: Counting objects:  81% (855/1055)        
2020-12-30T20:09:13.1843052Z remote: Counting objects:  82% (866/1055)        
2020-12-30T20:09:13.1843637Z remote: Counting objects:  83% (876/1055)        
2020-12-30T20:09:13.1844170Z remote: Counting objects:  84% (887/1055)        
2020-12-30T20:09:13.1844780Z remote: Counting objects:  85% (897/1055)        
2020-12-30T20:09:13.1845365Z remote: Counting objects:  86% (908/1055)        
2020-12-30T20:09:13.1846080Z remote: Counting objects:  87% (918/1055)        
2020-12-30T20:09:13.1846690Z remote: Counting objects:  88% (929/1055)        
2020-12-30T20:09:13.1847267Z remote: Counting objects:  89% (939/1055)        
2020-12-30T20:09:13.1847881Z remote: Counting objects:  90% (950/1055)        
2020-12-30T20:09:13.1848557Z remote: Counting objects:  91% (961/1055)        
2020-12-30T20:09:13.1849190Z remote: Counting objects:  92% (971/1055)        
2020-12-30T20:09:13.1849781Z remote: Counting objects:  93% (982/1055)        
2020-12-30T20:09:13.1850471Z remote: Counting objects:  94% (992/1055)        
2020-12-30T20:09:13.1851083Z remote: Counting objects:  95% (1003/1055)        
2020-12-30T20:09:13.1851654Z remote: Counting objects:  96% (1013/1055)        
2020-12-30T20:09:13.1852175Z remote: Counting objects:  97% (1024/1055)        
2020-12-30T20:09:13.1852742Z remote: Counting objects:  98% (1034/1055)        
2020-12-30T20:09:13.1853347Z remote: Counting objects:  99% (1045/1055)        
2020-12-30T20:09:13.1853878Z remote: Counting objects: 100% (1055/1055)        
2020-12-30T20:09:13.1854474Z remote: Counting objects: 100% (1055/1055), done.        
2020-12-30T20:09:13.1855095Z remote: Compressing objects:   0% (1/255)        
2020-12-30T20:09:13.1856007Z remote: Compressing objects:   1% (3/255)        
2020-12-30T20:09:13.1856931Z remote: Compressing objects:   2% (6/255)        
2020-12-30T20:09:13.1857522Z remote: Compressing objects:   3% (8/255)        
2020-12-30T20:09:13.1858715Z remote: Compressing objects:   4% (11/255)        
2020-12-30T20:09:13.1859569Z remote: Compressing objects:   5% (13/255)        
2020-12-30T20:09:13.1860302Z remote: Compressing objects:   6% (16/255)        
2020-12-30T20:09:13.1860936Z remote: Compressing objects:   7% (18/255)        
2020-12-30T20:09:13.1861695Z remote: Compressing objects:   8% (21/255)        
2020-12-30T20:09:13.1863723Z remote: Compressing objects:   9% (23/255)        
2020-12-30T20:09:13.1864371Z remote: Compressing objects:  10% (26/255)        
2020-12-30T20:09:13.1865032Z remote: Compressing objects:  11% (29/255)        
2020-12-30T20:09:13.1865641Z remote: Compressing objects:  12% (31/255)        
2020-12-30T20:09:13.1866207Z remote: Compressing objects:  13% (34/255)        
2020-12-30T20:09:13.1866823Z remote: Compressing objects:  14% (36/255)        
2020-12-30T20:09:13.1867434Z remote: Compressing objects:  15% (39/255)        
2020-12-30T20:09:13.1868020Z remote: Compressing objects:  16% (41/255)        
2020-12-30T20:09:13.1868622Z remote: Compressing objects:  17% (44/255)        
2020-12-30T20:09:13.1877678Z remote: Compressing objects:  18% (46/255)        
2020-12-30T20:09:13.1878350Z remote: Compressing objects:  19% (49/255)        
2020-12-30T20:09:13.1878900Z remote: Compressing objects:  20% (51/255)        
2020-12-30T20:09:13.1879507Z remote: Compressing objects:  21% (54/255)        
2020-12-30T20:09:13.1880087Z remote: Compressing objects:  22% (57/255)        
2020-12-30T20:09:13.1880645Z remote: Compressing objects:  23% (59/255)        
2020-12-30T20:09:13.1881268Z remote: Compressing objects:  24% (62/255)        
2020-12-30T20:09:13.1881849Z remote: Compressing objects:  25% (64/255)        
2020-12-30T20:09:13.1882447Z remote: Compressing objects:  26% (67/255)        
2020-12-30T20:09:13.1883849Z remote: Compressing objects:  27% (69/255)        
2020-12-30T20:09:13.1884486Z remote: Compressing objects:  28% (72/255)        
2020-12-30T20:09:13.1885073Z remote: Compressing objects:  29% (74/255)        
2020-12-30T20:09:13.1885622Z remote: Compressing objects:  30% (77/255)        
2020-12-30T20:09:13.1886211Z remote: Compressing objects:  31% (80/255)        
2020-12-30T20:09:13.1886815Z remote: Compressing objects:  32% (82/255)        
2020-12-30T20:09:13.1887386Z remote: Compressing objects:  33% (85/255)        
2020-12-30T20:09:13.1887973Z remote: Compressing objects:  34% (87/255)        
2020-12-30T20:09:13.1888561Z remote: Compressing objects:  35% (90/255)        
2020-12-30T20:09:13.1889289Z remote: Compressing objects:  36% (92/255)        
2020-12-30T20:09:13.1890020Z remote: Compressing objects:  37% (95/255)        
2020-12-30T20:09:13.1890622Z remote: Compressing objects:  38% (97/255)        
2020-12-30T20:09:13.1891203Z remote: Compressing objects:  39% (100/255)        
2020-12-30T20:09:13.1891739Z remote: Compressing objects:  40% (102/255)        
2020-12-30T20:09:13.1892415Z remote: Compressing objects:  41% (105/255)        
2020-12-30T20:09:13.1893008Z remote: Compressing objects:  42% (108/255)        
2020-12-30T20:09:13.1893544Z remote: Compressing objects:  43% (110/255)        
2020-12-30T20:09:13.1894111Z remote: Compressing objects:  44% (113/255)        
2020-12-30T20:09:13.1894696Z remote: Compressing objects:  45% (115/255)        
2020-12-30T20:09:13.1895264Z remote: Compressing objects:  46% (118/255)        
2020-12-30T20:09:13.1895814Z remote: Compressing objects:  47% (120/255)        
2020-12-30T20:09:13.1896382Z remote: Compressing objects:  48% (123/255)        
2020-12-30T20:09:13.1896984Z remote: Compressing objects:  49% (125/255)        
2020-12-30T20:09:13.1897527Z remote: Compressing objects:  50% (128/255)        
2020-12-30T20:09:13.1898121Z remote: Compressing objects:  51% (131/255)        
2020-12-30T20:09:13.1898733Z remote: Compressing objects:  52% (133/255)        
2020-12-30T20:09:13.1899285Z remote: Compressing objects:  53% (136/255)        
2020-12-30T20:09:13.1899890Z remote: Compressing objects:  54% (138/255)        
2020-12-30T20:09:13.1900479Z remote: Compressing objects:  55% (141/255)        
2020-12-30T20:09:13.1901018Z remote: Compressing objects:  56% (143/255)        
2020-12-30T20:09:13.1901644Z remote: Compressing objects:  57% (146/255)        
2020-12-30T20:09:13.1902246Z remote: Compressing objects:  58% (148/255)        
2020-12-30T20:09:13.1902832Z remote: Compressing objects:  59% (151/255)        
2020-12-30T20:09:13.1903378Z remote: Compressing objects:  60% (153/255)        
2020-12-30T20:09:13.1903986Z remote: Compressing objects:  61% (156/255)        
2020-12-30T20:09:13.1904590Z remote: Compressing objects:  62% (159/255)        
2020-12-30T20:09:13.1905133Z remote: Compressing objects:  63% (161/255)        
2020-12-30T20:09:13.1905725Z remote: Compressing objects:  64% (164/255)        
2020-12-30T20:09:13.1907448Z remote: Compressing objects:  65% (166/255)        
2020-12-30T20:09:13.1908220Z remote: Compressing objects:  66% (169/255)        
2020-12-30T20:09:13.1908942Z remote: Compressing objects:  67% (171/255)        
2020-12-30T20:09:13.1909641Z remote: Compressing objects:  68% (174/255)        
2020-12-30T20:09:13.1910662Z remote: Compressing objects:  69% (176/255)        
2020-12-30T20:09:13.1911202Z remote: Compressing objects:  70% (179/255)        
2020-12-30T20:09:13.1911829Z remote: Compressing objects:  71% (182/255)        
2020-12-30T20:09:13.1912570Z remote: Compressing objects:  72% (184/255)        
2020-12-30T20:09:13.1913139Z remote: Compressing objects:  73% (187/255)        
2020-12-30T20:09:13.1913737Z remote: Compressing objects:  74% (189/255)        
2020-12-30T20:09:13.1914352Z remote: Compressing objects:  75% (192/255)        
2020-12-30T20:09:13.1914957Z remote: Compressing objects:  76% (194/255)        
2020-12-30T20:09:13.1915545Z remote: Compressing objects:  77% (197/255)        
2020-12-30T20:09:13.1916138Z remote: Compressing objects:  78% (199/255)        
2020-12-30T20:09:13.1916690Z remote: Compressing objects:  79% (202/255)        
2020-12-30T20:09:13.1917309Z remote: Compressing objects:  80% (204/255)        
2020-12-30T20:09:13.1917897Z remote: Compressing objects:  81% (207/255)        
2020-12-30T20:09:13.1919199Z remote: Compressing objects:  82% (210/255)        
2020-12-30T20:09:13.1920052Z remote: Compressing objects:  83% (212/255)        
2020-12-30T20:09:13.1920749Z remote: Compressing objects:  84% (215/255)        
2020-12-30T20:09:13.1921481Z remote: Compressing objects:  85% (217/255)        
2020-12-30T20:09:13.1922116Z remote: Compressing objects:  86% (220/255)        
2020-12-30T20:09:13.1923144Z remote: Compressing objects:  87% (222/255)        
2020-12-30T20:09:13.1924178Z remote: Compressing objects:  88% (225/255)        
2020-12-30T20:09:13.1925405Z remote: Compressing objects:  89% (227/255)        
2020-12-30T20:09:13.1926272Z remote: Compressing objects:  90% (230/255)        
2020-12-30T20:09:13.1927330Z remote: Compressing objects:  91% (233/255)        
2020-12-30T20:09:13.1927963Z remote: Compressing objects:  92% (235/255)        
2020-12-30T20:09:13.1928708Z remote: Compressing objects:  93% (238/255)        
2020-12-30T20:09:13.1929370Z remote: Compressing objects:  94% (240/255)        
2020-12-30T20:09:13.1929976Z remote: Compressing objects:  95% (243/255)        
2020-12-30T20:09:13.1930533Z remote: Compressing objects:  96% (245/255)        
2020-12-30T20:09:13.1931151Z remote: Compressing objects:  97% (248/255)        
2020-12-30T20:09:13.1931757Z remote: Compressing objects:  98% (250/255)        
2020-12-30T20:09:13.1932344Z remote: Compressing objects:  99% (253/255)        
2020-12-30T20:09:13.1932952Z remote: Compressing objects: 100% (255/255)        
2020-12-30T20:09:13.1933588Z remote: Compressing objects: 100% (255/255), done.        
2020-12-30T20:09:13.1934182Z Receiving objects:   0% (1/220188)
2020-12-30T20:09:13.1934657Z Receiving objects:   1% (2202/220188)
2020-12-30T20:09:13.1935209Z Receiving objects:   2% (4404/220188)
2020-12-30T20:09:13.1935732Z Receiving objects:   3% (6606/220188)
2020-12-30T20:09:13.1936223Z Receiving objects:   4% (8808/220188)
2020-12-30T20:09:13.1936750Z Receiving objects:   5% (11010/220188)
2020-12-30T20:09:13.1937291Z Receiving objects:   6% (13212/220188)
2020-12-30T20:09:13.1937770Z Receiving objects:   7% (15414/220188)
2020-12-30T20:09:13.1938292Z Receiving objects:   8% (17616/220188)
2020-12-30T20:09:13.1938826Z Receiving objects:   9% (19817/220188)
2020-12-30T20:09:13.1939301Z Receiving objects:  10% (22019/220188)
2020-12-30T20:09:13.1939870Z Receiving objects:  11% (24221/220188)
2020-12-30T20:09:13.1940404Z Receiving objects:  12% (26423/220188)
2020-12-30T20:09:13.1940894Z Receiving objects:  13% (28625/220188)
2020-12-30T20:09:13.1941422Z Receiving objects:  14% (30827/220188)
2020-12-30T20:09:13.1941941Z Receiving objects:  15% (33029/220188)
2020-12-30T20:09:13.1942483Z Receiving objects:  16% (35231/220188)
2020-12-30T20:09:13.1942961Z Receiving objects:  17% (37432/220188)
2020-12-30T20:09:13.1943495Z Receiving objects:  18% (39634/220188)
2020-12-30T20:09:13.1944016Z Receiving objects:  19% (41836/220188)
2020-12-30T20:09:13.1944486Z Receiving objects:  20% (44038/220188)
2020-12-30T20:09:13.1945025Z Receiving objects:  21% (46240/220188)
2020-12-30T20:09:13.1945557Z Receiving objects:  22% (48442/220188)
2020-12-30T20:09:13.1946033Z Receiving objects:  23% (50644/220188)
2020-12-30T20:09:13.1946552Z Receiving objects:  24% (52846/220188)
2020-12-30T20:09:13.1947090Z Receiving objects:  25% (55047/220188)
2020-12-30T20:09:13.1947609Z Receiving objects:  26% (57249/220188), 11.74 MiB | 23.48 MiB/s
2020-12-30T20:09:13.2908129Z Receiving objects:  27% (59451/220188), 11.74 MiB | 23.48 MiB/s
2020-12-30T20:09:13.5970745Z Receiving objects:  28% (61653/220188), 11.74 MiB | 23.48 MiB/s
2020-12-30T20:09:13.6009344Z Receiving objects:  29% (63855/220188), 11.74 MiB | 23.48 MiB/s
2020-12-30T20:09:13.6030846Z Receiving objects:  30% (66057/220188), 11.74 MiB | 23.48 MiB/s
2020-12-30T20:09:13.6047613Z Receiving objects:  31% (68259/220188), 11.74 MiB | 23.48 MiB/s
2020-12-30T20:09:13.6082692Z Receiving objects:  32% (70461/220188), 11.74 MiB | 23.48 MiB/s
2020-12-30T20:09:13.6237153Z Receiving objects:  33% (72663/220188), 11.74 MiB | 23.48 MiB/s
2020-12-30T20:09:13.7353976Z Receiving objects:  33% (73495/220188), 32.58 MiB | 32.57 MiB/s
2020-12-30T20:09:13.7462782Z Receiving objects:  34% (74864/220188), 32.58 MiB | 32.57 MiB/s
2020-12-30T20:09:13.7604269Z Receiving objects:  35% (77066/220188), 32.58 MiB | 32.57 MiB/s
2020-12-30T20:09:13.7718810Z Receiving objects:  36% (79268/220188), 32.58 MiB | 32.57 MiB/s
2020-12-30T20:09:13.7809143Z Receiving objects:  37% (81470/220188), 32.58 MiB | 32.57 MiB/s
2020-12-30T20:09:13.7946181Z Receiving objects:  38% (83672/220188), 32.58 MiB | 32.57 MiB/s
2020-12-30T20:09:13.8105984Z Receiving objects:  39% (85874/220188), 32.58 MiB | 32.57 MiB/s
2020-12-30T20:09:13.8236820Z Receiving objects:  40% (88076/220188), 32.58 MiB | 32.57 MiB/s
2020-12-30T20:09:13.8490080Z Receiving objects:  41% (90278/220188), 32.58 MiB | 32.57 MiB/s
2020-12-30T20:09:13.8738465Z Receiving objects:  42% (92479/220188), 32.58 MiB | 32.57 MiB/s
2020-12-30T20:09:13.8920695Z Receiving objects:  43% (94681/220188), 32.58 MiB | 32.57 MiB/s
2020-12-30T20:09:13.9005869Z Receiving objects:  44% (96883/220188), 32.58 MiB | 32.57 MiB/s
2020-12-30T20:09:13.9092107Z Receiving objects:  45% (99085/220188), 32.58 MiB | 32.57 MiB/s
2020-12-30T20:09:13.9219531Z Receiving objects:  46% (101287/220188), 32.58 MiB | 32.57 MiB/s
2020-12-30T20:09:13.9307602Z Receiving objects:  47% (103489/220188), 32.58 MiB | 32.57 MiB/s
2020-12-30T20:09:13.9414223Z Receiving objects:  48% (105691/220188), 32.58 MiB | 32.57 MiB/s
2020-12-30T20:09:13.9454642Z Receiving objects:  49% (107893/220188), 32.58 MiB | 32.57 MiB/s
2020-12-30T20:09:13.9501503Z Receiving objects:  50% (110094/220188), 32.58 MiB | 32.57 MiB/s
2020-12-30T20:09:13.9547834Z Receiving objects:  51% (112296/220188), 32.58 MiB | 32.57 MiB/s
2020-12-30T20:09:13.9729196Z Receiving objects:  52% (114498/220188), 32.58 MiB | 32.57 MiB/s
2020-12-30T20:09:13.9915009Z Receiving objects:  53% (116700/220188), 32.58 MiB | 32.57 MiB/s
2020-12-30T20:09:14.0008559Z Receiving objects:  54% (118902/220188), 32.58 MiB | 32.57 MiB/s
2020-12-30T20:09:14.0169797Z Receiving objects:  55% (121104/220188), 32.58 MiB | 32.57 MiB/s
2020-12-30T20:09:14.0763333Z Receiving objects:  56% (123306/220188), 32.58 MiB | 32.57 MiB/s
2020-12-30T20:09:14.0794657Z Receiving objects:  57% (125508/220188), 32.58 MiB | 32.57 MiB/s
2020-12-30T20:09:14.0870240Z Receiving objects:  58% (127710/220188), 32.58 MiB | 32.57 MiB/s
2020-12-30T20:09:14.1070487Z Receiving objects:  59% (129911/220188), 32.58 MiB | 32.57 MiB/s
2020-12-30T20:09:14.1188722Z Receiving objects:  60% (132113/220188), 32.58 MiB | 32.57 MiB/s
2020-12-30T20:09:14.1378658Z Receiving objects:  61% (134315/220188), 32.58 MiB | 32.57 MiB/s
2020-12-30T20:09:14.1510979Z Receiving objects:  62% (136517/220188), 49.39 MiB | 32.92 MiB/s
2020-12-30T20:09:14.1609143Z Receiving objects:  63% (138719/220188), 49.39 MiB | 32.92 MiB/s
2020-12-30T20:09:14.2132713Z Receiving objects:  64% (140921/220188), 49.39 MiB | 32.92 MiB/s
2020-12-30T20:09:14.2504771Z Receiving objects:  65% (143123/220188), 49.39 MiB | 32.92 MiB/s
2020-12-30T20:09:14.2561938Z Receiving objects:  66% (145325/220188), 49.39 MiB | 32.92 MiB/s
2020-12-30T20:09:14.2757062Z Receiving objects:  67% (147526/220188), 49.39 MiB | 32.92 MiB/s
2020-12-30T20:09:14.2986433Z Receiving objects:  68% (149728/220188), 49.39 MiB | 32.92 MiB/s
2020-12-30T20:09:14.3020733Z Receiving objects:  69% (151930/220188), 49.39 MiB | 32.92 MiB/s
2020-12-30T20:09:14.3063559Z Receiving objects:  70% (154132/220188), 49.39 MiB | 32.92 MiB/s
2020-12-30T20:09:14.3111856Z Receiving objects:  71% (156334/220188), 49.39 MiB | 32.92 MiB/s
2020-12-30T20:09:14.3338572Z Receiving objects:  72% (158536/220188), 49.39 MiB | 32.92 MiB/s
2020-12-30T20:09:14.3341436Z Receiving objects:  73% (160738/220188), 49.39 MiB | 32.92 MiB/s
2020-12-30T20:09:14.3344136Z Receiving objects:  74% (162940/220188), 49.39 MiB | 32.92 MiB/s
2020-12-30T20:09:14.3414464Z Receiving objects:  75% (165141/220188), 49.39 MiB | 32.92 MiB/s
2020-12-30T20:09:14.3456112Z Receiving objects:  76% (167343/220188), 49.39 MiB | 32.92 MiB/s
2020-12-30T20:09:14.3506015Z Receiving objects:  77% (169545/220188), 49.39 MiB | 32.92 MiB/s
2020-12-30T20:09:14.3557537Z Receiving objects:  78% (171747/220188), 49.39 MiB | 32.92 MiB/s
2020-12-30T20:09:14.3602645Z Receiving objects:  79% (173949/220188), 49.39 MiB | 32.92 MiB/s
2020-12-30T20:09:14.3679430Z Receiving objects:  80% (176151/220188), 49.39 MiB | 32.92 MiB/s
2020-12-30T20:09:14.3718794Z Receiving objects:  81% (178353/220188), 49.39 MiB | 32.92 MiB/s
2020-12-30T20:09:14.3784949Z Receiving objects:  82% (180555/220188), 49.39 MiB | 32.92 MiB/s
2020-12-30T20:09:14.3824260Z Receiving objects:  83% (182757/220188), 49.39 MiB | 32.92 MiB/s
2020-12-30T20:09:14.3896893Z Receiving objects:  84% (184958/220188), 49.39 MiB | 32.92 MiB/s
2020-12-30T20:09:14.4025577Z Receiving objects:  85% (187160/220188), 49.39 MiB | 32.92 MiB/s
2020-12-30T20:09:14.4079696Z Receiving objects:  86% (189362/220188), 49.39 MiB | 32.92 MiB/s
2020-12-30T20:09:14.4129593Z Receiving objects:  87% (191564/220188), 49.39 MiB | 32.92 MiB/s
2020-12-30T20:09:14.4174298Z Receiving objects:  88% (193766/220188), 49.39 MiB | 32.92 MiB/s
2020-12-30T20:09:14.4222585Z Receiving objects:  89% (195968/220188), 49.39 MiB | 32.92 MiB/s
2020-12-30T20:09:14.4274354Z Receiving objects:  90% (198170/220188), 49.39 MiB | 32.92 MiB/s
2020-12-30T20:09:14.4313484Z Receiving objects:  91% (200372/220188), 49.39 MiB | 32.92 MiB/s
2020-12-30T20:09:14.4358863Z Receiving objects:  92% (202573/220188), 49.39 MiB | 32.92 MiB/s
2020-12-30T20:09:14.4971737Z Receiving objects:  93% (204775/220188), 49.39 MiB | 32.92 MiB/s
2020-12-30T20:09:14.5025469Z Receiving objects:  94% (206977/220188), 49.39 MiB | 32.92 MiB/s
2020-12-30T20:09:14.5111767Z Receiving objects:  95% (209179/220188), 49.39 MiB | 32.92 MiB/s
2020-12-30T20:09:14.5739139Z Receiving objects:  96% (211381/220188), 49.39 MiB | 32.92 MiB/s
2020-12-30T20:09:14.6238298Z Receiving objects:  97% (213583/220188), 49.39 MiB | 32.92 MiB/s
2020-12-30T20:09:14.8379139Z Receiving objects:  97% (213585/220188), 63.73 MiB | 31.86 MiB/s
2020-12-30T20:09:15.0093344Z Receiving objects:  98% (215785/220188), 63.73 MiB | 31.86 MiB/s
2020-12-30T20:09:15.1653413Z Receiving objects:  99% (217987/220188), 63.73 MiB | 31.86 MiB/s
2020-12-30T20:09:15.1655080Z remote: Total 220188 (delta 938), reused 838 (delta 800), pack-reused 219133        
2020-12-30T20:09:15.1681417Z Receiving objects: 100% (220188/220188), 76.77 MiB | 30.71 MiB/s
2020-12-30T20:09:15.1683016Z Receiving objects: 100% (220188/220188), 79.13 MiB | 31.10 MiB/s, done.
2020-12-30T20:09:15.2031511Z Resolving deltas:   0% (0/167201)
2020-12-30T20:09:15.2092807Z Resolving deltas:   1% (1673/167201)
2020-12-30T20:09:15.2143741Z Resolving deltas:   2% (3345/167201)
2020-12-30T20:09:15.2218127Z Resolving deltas:   3% (5017/167201)
2020-12-30T20:09:15.2277033Z Resolving deltas:   4% (6689/167201)
2020-12-30T20:09:15.2315380Z Resolving deltas:   5% (8361/167201)
2020-12-30T20:09:15.2356896Z Resolving deltas:   6% (10033/167201)
2020-12-30T20:09:15.2433248Z Resolving deltas:   7% (11705/167201)
2020-12-30T20:09:15.2459200Z Resolving deltas:   8% (13377/167201)
2020-12-30T20:09:15.2501037Z Resolving deltas:   9% (15049/167201)
2020-12-30T20:09:15.2550494Z Resolving deltas:  10% (16721/167201)
2020-12-30T20:09:15.2605169Z Resolving deltas:  11% (18393/167201)
2020-12-30T20:09:15.2658524Z Resolving deltas:  12% (20065/167201)
2020-12-30T20:09:15.2705303Z Resolving deltas:  13% (21737/167201)
2020-12-30T20:09:15.2745716Z Resolving deltas:  14% (23409/167201)
2020-12-30T20:09:15.2800045Z Resolving deltas:  15% (25081/167201)
2020-12-30T20:09:15.2877421Z Resolving deltas:  16% (26753/167201)
2020-12-30T20:09:15.2932919Z Resolving deltas:  17% (28425/167201)
2020-12-30T20:09:15.2994705Z Resolving deltas:  18% (30097/167201)
2020-12-30T20:09:15.3057485Z Resolving deltas:  19% (31769/167201)
2020-12-30T20:09:15.3102225Z Resolving deltas:  20% (33441/167201)
2020-12-30T20:09:15.3155097Z Resolving deltas:  21% (35113/167201)
2020-12-30T20:09:15.3227085Z Resolving deltas:  22% (36785/167201)
2020-12-30T20:09:15.3271364Z Resolving deltas:  23% (38457/167201)
2020-12-30T20:09:15.3323531Z Resolving deltas:  24% (40129/167201)
2020-12-30T20:09:15.3371227Z Resolving deltas:  25% (41801/167201)
2020-12-30T20:09:15.3424169Z Resolving deltas:  26% (43473/167201)
2020-12-30T20:09:15.3491613Z Resolving deltas:  27% (45145/167201)
2020-12-30T20:09:15.3555561Z Resolving deltas:  28% (46817/167201)
2020-12-30T20:09:15.3605578Z Resolving deltas:  29% (48489/167201)
2020-12-30T20:09:15.3682017Z Resolving deltas:  30% (50161/167201)
2020-12-30T20:09:15.3720558Z Resolving deltas:  31% (51833/167201)
2020-12-30T20:09:15.3768810Z Resolving deltas:  32% (53505/167201)
2020-12-30T20:09:15.3816749Z Resolving deltas:  33% (55177/167201)
2020-12-30T20:09:15.3869661Z Resolving deltas:  34% (56849/167201)
2020-12-30T20:09:15.3947919Z Resolving deltas:  35% (58521/167201)
2020-12-30T20:09:15.4044622Z Resolving deltas:  36% (60193/167201)
2020-12-30T20:09:15.4150629Z Resolving deltas:  37% (61865/167201)
2020-12-30T20:09:15.4176672Z Resolving deltas:  38% (63537/167201)
2020-12-30T20:09:15.4242433Z Resolving deltas:  39% (65209/167201)
2020-12-30T20:09:15.4289147Z Resolving deltas:  40% (66881/167201)
2020-12-30T20:09:15.4339563Z Resolving deltas:  41% (68553/167201)
2020-12-30T20:09:15.4384473Z Resolving deltas:  42% (70225/167201)
2020-12-30T20:09:15.4437713Z Resolving deltas:  43% (71897/167201)
2020-12-30T20:09:15.4496707Z Resolving deltas:  44% (73569/167201)
2020-12-30T20:09:15.4578136Z Resolving deltas:  45% (75241/167201)
2020-12-30T20:09:15.4659876Z Resolving deltas:  46% (76913/167201)
2020-12-30T20:09:15.4727975Z Resolving deltas:  47% (78585/167201)
2020-12-30T20:09:15.4779389Z Resolving deltas:  48% (80257/167201)
2020-12-30T20:09:15.4837873Z Resolving deltas:  49% (81929/167201)
2020-12-30T20:09:15.4919914Z Resolving deltas:  50% (83601/167201)
2020-12-30T20:09:15.4963154Z Resolving deltas:  51% (85273/167201)
2020-12-30T20:09:15.5033793Z Resolving deltas:  52% (86945/167201)
2020-12-30T20:09:15.5094545Z Resolving deltas:  53% (88617/167201)
2020-12-30T20:09:15.5148916Z Resolving deltas:  54% (90289/167201)
2020-12-30T20:09:15.5219467Z Resolving deltas:  55% (91962/167201)
2020-12-30T20:09:15.5264249Z Resolving deltas:  56% (93633/167201)
2020-12-30T20:09:15.5307111Z Resolving deltas:  57% (95306/167201)
2020-12-30T20:09:15.5359799Z Resolving deltas:  58% (96978/167201)
2020-12-30T20:09:15.5417731Z Resolving deltas:  59% (98649/167201)
2020-12-30T20:09:15.5492952Z Resolving deltas:  60% (100321/167201)
2020-12-30T20:09:15.5561456Z Resolving deltas:  61% (101993/167201)
2020-12-30T20:09:15.5610324Z Resolving deltas:  62% (103665/167201)
2020-12-30T20:09:15.5681925Z Resolving deltas:  63% (105337/167201)
2020-12-30T20:09:15.5732869Z Resolving deltas:  64% (107009/167201)
2020-12-30T20:09:15.5796052Z Resolving deltas:  65% (108681/167201)
2020-12-30T20:09:15.5847383Z Resolving deltas:  66% (110353/167201)
2020-12-30T20:09:15.5892502Z Resolving deltas:  67% (112025/167201)
2020-12-30T20:09:15.5935310Z Resolving deltas:  68% (113697/167201)
2020-12-30T20:09:15.5981647Z Resolving deltas:  69% (115369/167201)
2020-12-30T20:09:15.6035300Z Resolving deltas:  70% (117041/167201)
2020-12-30T20:09:15.6561271Z Resolving deltas:  71% (118713/167201)
2020-12-30T20:09:15.7310199Z Resolving deltas:  72% (120385/167201)
2020-12-30T20:09:16.6814934Z Resolving deltas:  73% (122057/167201)
2020-12-30T20:09:16.6816295Z Resolving deltas:  74% (123729/167201)
2020-12-30T20:09:16.6817223Z Resolving deltas:  75% (125401/167201)
2020-12-30T20:09:16.6817961Z Resolving deltas:  76% (127073/167201)
2020-12-30T20:09:16.6818677Z Resolving deltas:  77% (128745/167201)
2020-12-30T20:09:16.6819970Z Resolving deltas:  78% (130417/167201)
2020-12-30T20:09:16.7308687Z Resolving deltas:  78% (131936/167201)
2020-12-30T20:09:17.1868653Z Resolving deltas:  79% (132089/167201)
2020-12-30T20:09:17.1892375Z Resolving deltas:  79% (133702/167201)
2020-12-30T20:09:17.2290762Z Resolving deltas:  80% (133761/167201)
2020-12-30T20:09:17.2466416Z Resolving deltas:  81% (135433/167201)
2020-12-30T20:09:17.2773852Z Resolving deltas:  82% (137105/167201)
2020-12-30T20:09:17.2938571Z Resolving deltas:  83% (138777/167201)
2020-12-30T20:09:17.3236834Z Resolving deltas:  84% (140449/167201)
2020-12-30T20:09:17.3419626Z Resolving deltas:  85% (142121/167201)
2020-12-30T20:09:17.3596224Z Resolving deltas:  86% (143793/167201)
2020-12-30T20:09:17.3876278Z Resolving deltas:  87% (145465/167201)
2020-12-30T20:09:17.4077350Z Resolving deltas:  88% (147137/167201)
2020-12-30T20:09:17.4329216Z Resolving deltas:  89% (148809/167201)
2020-12-30T20:09:17.4713968Z Resolving deltas:  90% (150481/167201)
2020-12-30T20:09:17.5353639Z Resolving deltas:  91% (152153/167201)
2020-12-30T20:09:17.5635150Z Resolving deltas:  92% (153825/167201)
2020-12-30T20:09:17.5929741Z Resolving deltas:  93% (155497/167201)
2020-12-30T20:09:17.6181175Z Resolving deltas:  94% (157170/167201)
2020-12-30T20:09:17.6396851Z Resolving deltas:  95% (158841/167201)
2020-12-30T20:09:17.6636359Z Resolving deltas:  96% (160513/167201)
2020-12-30T20:09:17.6897742Z Resolving deltas:  97% (162185/167201)
2020-12-30T20:09:17.7349147Z Resolving deltas:  98% (163857/167201)
2020-12-30T20:09:17.7870542Z Resolving deltas:  99% (165529/167201)
2020-12-30T20:09:17.7871104Z Resolving deltas: 100% (167201/167201)
2020-12-30T20:09:17.7871627Z Resolving deltas: 100% (167201/167201), done.
2020-12-30T20:09:19.8594327Z From https://github.com/paretogroup/platform-spa
2020-12-30T20:09:19.8595632Z  * [new branch]          1207                   -> origin/1207
2020-12-30T20:09:19.8596335Z  * [new branch]          1209                   -> origin/1209
2020-12-30T20:09:19.8604475Z  * [new branch]          backup/QSPA-292        -> origin/backup/QSPA-292
2020-12-30T20:09:19.8606997Z  * [new branch]          backup/dsa-dont-delete -> origin/backup/dsa-dont-delete
2020-12-30T20:09:19.8610003Z  * [new branch]          dependabot/npm_and_yarn/ini-1.3.8 -> origin/dependabot/npm_and_yarn/ini-1.3.8
2020-12-30T20:09:19.8613231Z  * [new branch]          dependabot/npm_and_yarn/stringstream-0.0.6 -> origin/dependabot/npm_and_yarn/stringstream-0.0.6
2020-12-30T20:09:19.8615886Z  * [new branch]          develop-crm            -> origin/develop-crm
2020-12-30T20:09:19.8618394Z  * [new branch]          develop-plans          -> origin/develop-plans
2020-12-30T20:09:19.8624161Z  * [new branch]          feature-task/165-create-redux-utility-functions -> origin/feature-task/165-create-redux-utility-functions
2020-12-30T20:09:19.8631961Z  * [new branch]          feature-task/165-refactor-configure-store -> origin/feature-task/165-refactor-configure-store
2020-12-30T20:09:19.8679953Z  * [new branch]          homolog-1              -> origin/homolog-1
2020-12-30T20:09:19.8680840Z  * [new branch]          homolog-2              -> origin/homolog-2
2020-12-30T20:09:19.8681656Z  * [new branch]          homolog-3              -> origin/homolog-3
2020-12-30T20:09:19.8682483Z  * [new branch]          homolog-4              -> origin/homolog-4
2020-12-30T20:09:19.8683393Z  * [new branch]          homolog-gustavo        -> origin/homolog-gustavo
2020-12-30T20:09:19.8684329Z  * [new branch]          issue-task/1084        -> origin/issue-task/1084
2020-12-30T20:09:19.8685187Z  * [new branch]          issue-task/1176        -> origin/issue-task/1176
2020-12-30T20:09:19.8686060Z  * [new branch]          issue-task/1206        -> origin/issue-task/1206
2020-12-30T20:09:19.8686930Z  * [new branch]          issue-task/1207        -> origin/issue-task/1207
2020-12-30T20:09:19.8687784Z  * [new branch]          issue-task/462         -> origin/issue-task/462
2020-12-30T20:09:19.8688658Z  * [new branch]          issue-task/534         -> origin/issue-task/534
2020-12-30T20:09:19.8689535Z  * [new branch]          issue-task/597         -> origin/issue-task/597
2020-12-30T20:09:19.8690400Z  * [new branch]          issue-task/647         -> origin/issue-task/647
2020-12-30T20:09:19.8691253Z  * [new branch]          issue-task/670         -> origin/issue-task/670
2020-12-30T20:09:19.8692151Z  * [new branch]          issue-task/777-poc     -> origin/issue-task/777-poc
2020-12-30T20:09:19.8693051Z  * [new branch]          issue-task/785         -> origin/issue-task/785
2020-12-30T20:09:19.8693900Z  * [new branch]          issue-task/797         -> origin/issue-task/797
2020-12-30T20:09:19.8695016Z  * [new branch]          issue-task/814-footer  -> origin/issue-task/814-footer
2020-12-30T20:09:19.8696134Z  * [new branch]          issue-task/814-step-content -> origin/issue-task/814-step-content
2020-12-30T20:09:19.8697128Z  * [new branch]          issue-task/822         -> origin/issue-task/822
2020-12-30T20:09:19.8697978Z  * [new branch]          issue-task/824         -> origin/issue-task/824
2020-12-30T20:09:19.8699019Z  * [new branch]          issue-task/856         -> origin/issue-task/856
2020-12-30T20:09:19.8699886Z  * [new branch]          issue-task/858         -> origin/issue-task/858
2020-12-30T20:09:19.8700747Z  * [new branch]          issue-task/892-2       -> origin/issue-task/892-2
2020-12-30T20:09:19.8701615Z  * [new branch]          issue-task/985         -> origin/issue-task/985
2020-12-30T20:09:19.8702720Z  * [new branch]          issue-task/fix-sign-up-spacing -> origin/issue-task/fix-sign-up-spacing
2020-12-30T20:09:19.8704034Z  * [new branch]          issue-task/mvp-budget-manager -> origin/issue-task/mvp-budget-manager
2020-12-30T20:09:19.8705058Z  * [new branch]          issue/1003             -> origin/issue/1003
2020-12-30T20:09:19.8705983Z  * [new branch]          issue/1039             -> origin/issue/1039
2020-12-30T20:09:19.8706722Z  * [new branch]          issue/1099             -> origin/issue/1099
2020-12-30T20:09:19.8707446Z  * [new branch]          issue/1109             -> origin/issue/1109
2020-12-30T20:09:19.8708189Z  * [new branch]          issue/1113             -> origin/issue/1113
2020-12-30T20:09:19.8717987Z  * [new branch]          issue/1184             -> origin/issue/1184
2020-12-30T20:09:19.8718760Z  * [new branch]          issue/1190             -> origin/issue/1190
2020-12-30T20:09:19.8719484Z  * [new branch]          issue/1193             -> origin/issue/1193
2020-12-30T20:09:19.8720228Z  * [new branch]          issue/814              -> origin/issue/814
2020-12-30T20:09:19.8720962Z  * [new branch]          issue/826              -> origin/issue/826
2020-12-30T20:09:19.8721697Z  * [new branch]          issue/936              -> origin/issue/936
2020-12-30T20:09:19.8722432Z  * [new branch]          issue/997              -> origin/issue/997
2020-12-30T20:09:19.8723226Z  * [new branch]          isuue-task/986         -> origin/isuue-task/986
2020-12-30T20:09:19.8724013Z  * [new branch]          master                 -> origin/master
2020-12-30T20:09:19.8724976Z  * [new branch]          mock-metrics           -> origin/mock-metrics
2020-12-30T20:09:19.8725739Z  * [new branch]          test                   -> origin/test
2020-12-30T20:09:19.8726478Z  * [new branch]          test-node              -> origin/test-node
2020-12-30T20:09:19.8727225Z  * [new ref]             refs/pull/1199/merge   -> pull/1199/merge
2020-12-30T20:09:19.8824860Z  * [new tag]             3.0.51                 -> 3.0.51
2020-12-30T20:09:19.8825676Z  * [new tag]             3.0.52                 -> 3.0.52
2020-12-30T20:09:19.8915984Z  * [new tag]             3.3.11                 -> 3.3.11
2020-12-30T20:09:19.8916704Z  * [new tag]             3.4.5                  -> 3.4.5
2020-12-30T20:09:19.8917306Z  * [new tag]             list                   -> list
2020-12-30T20:09:19.8917911Z  * [new tag]             rm                     -> rm
2020-12-30T20:09:19.8918514Z  * [new tag]             v0.2.0                 -> v0.2.0
2020-12-30T20:09:19.8919114Z  * [new tag]             v0.2.1                 -> v0.2.1
2020-12-30T20:09:19.8919890Z  * [new tag]             v0.2.2                 -> v0.2.2
2020-12-30T20:09:19.8921114Z  * [new tag]             v0.2.3                 -> v0.2.3
2020-12-30T20:09:19.8921762Z  * [new tag]             v0.2.4                 -> v0.2.4
2020-12-30T20:09:19.8922419Z  * [new tag]             v0.2.5                 -> v0.2.5
2020-12-30T20:09:19.8923074Z  * [new tag]             v0.2.6                 -> v0.2.6
2020-12-30T20:09:19.8924483Z  * [new tag]             v0.2.7                 -> v0.2.7
2020-12-30T20:09:19.8925069Z  * [new tag]             v0.3.0                 -> v0.3.0
2020-12-30T20:09:19.8925817Z  * [new tag]             v0.3.1                 -> v0.3.1
2020-12-30T20:09:19.8926486Z  * [new tag]             v1.0.0                 -> v1.0.0
2020-12-30T20:09:19.8927080Z  * [new tag]             v1.0.1                 -> v1.0.1
2020-12-30T20:09:19.8927676Z  * [new tag]             v1.1                   -> v1.1
2020-12-30T20:09:19.8928454Z  * [new tag]             v1.1.0                 -> v1.1.0
2020-12-30T20:09:19.8929045Z  * [new tag]             v1.1.1                 -> v1.1.1
2020-12-30T20:09:19.8929654Z  * [new tag]             v1.1.2                 -> v1.1.2
2020-12-30T20:09:19.8930259Z  * [new tag]             v1.2.0                 -> v1.2.0
2020-12-30T20:09:19.8930862Z  * [new tag]             v1.2.1                 -> v1.2.1
2020-12-30T20:09:19.8931673Z  * [new tag]             v1.2.2                 -> v1.2.2
2020-12-30T20:09:19.8932293Z  * [new tag]             v1.2.3                 -> v1.2.3
2020-12-30T20:09:19.8933065Z  * [new tag]             v1.2.4                 -> v1.2.4
2020-12-30T20:09:19.8933660Z  * [new tag]             v1.3.0                 -> v1.3.0
2020-12-30T20:09:19.8934618Z  * [new tag]             v1.3.1                 -> v1.3.1
2020-12-30T20:09:19.8935229Z  * [new tag]             v1.3.10                -> v1.3.10
2020-12-30T20:09:19.8936042Z  * [new tag]             v1.3.11                -> v1.3.11
2020-12-30T20:09:19.8936673Z  * [new tag]             v1.3.12                -> v1.3.12
2020-12-30T20:09:19.8950326Z  * [new tag]             v1.3.13                -> v1.3.13
2020-12-30T20:09:19.8951356Z  * [new tag]             v1.3.14                -> v1.3.14
2020-12-30T20:09:19.8952089Z  * [new tag]             v1.3.2                 -> v1.3.2
2020-12-30T20:09:19.8954620Z  * [new tag]             v1.3.3                 -> v1.3.3
2020-12-30T20:09:19.8955706Z  * [new tag]             v1.3.4                 -> v1.3.4
2020-12-30T20:09:19.8956361Z  * [new tag]             v1.3.5                 -> v1.3.5
2020-12-30T20:09:19.8957045Z  * [new tag]             v1.3.6                 -> v1.3.6
2020-12-30T20:09:19.8957821Z  * [new tag]             v1.3.7                 -> v1.3.7
2020-12-30T20:09:19.8958645Z  * [new tag]             v1.3.8                 -> v1.3.8
2020-12-30T20:09:19.8959606Z  * [new tag]             v1.3.9                 -> v1.3.9
2020-12-30T20:09:19.8960212Z  * [new tag]             v1.4.0                 -> v1.4.0
2020-12-30T20:09:19.8960827Z  * [new tag]             v1.4.1                 -> v1.4.1
2020-12-30T20:09:19.8961416Z  * [new tag]             v1.4.2                 -> v1.4.2
2020-12-30T20:09:19.8962017Z  * [new tag]             v1.4.3                 -> v1.4.3
2020-12-30T20:09:19.8962621Z  * [new tag]             v1.4.4                 -> v1.4.4
2020-12-30T20:09:19.8963207Z  * [new tag]             v1.4.5                 -> v1.4.5
2020-12-30T20:09:19.8963811Z  * [new tag]             v1.4.6                 -> v1.4.6
2020-12-30T20:09:19.8964415Z  * [new tag]             v1.4.7                 -> v1.4.7
2020-12-30T20:09:19.8965025Z  * [new tag]             v1.4.8                 -> v1.4.8
2020-12-30T20:09:19.8965617Z  * [new tag]             v1.4.9                 -> v1.4.9
2020-12-30T20:09:19.8966442Z  * [new tag]             v1.5.0                 -> v1.5.0
2020-12-30T20:09:19.8967059Z  * [new tag]             v1.5.1                 -> v1.5.1
2020-12-30T20:09:19.8967664Z  * [new tag]             v1.5.2                 -> v1.5.2
2020-12-30T20:09:19.8968267Z  * [new tag]             v1.5.3                 -> v1.5.3
2020-12-30T20:09:19.8968869Z  * [new tag]             v1.5.4                 -> v1.5.4
2020-12-30T20:09:19.8969831Z  * [new tag]             v1.5.5                 -> v1.5.5
2020-12-30T20:09:19.8970707Z  * [new tag]             v1.5.6                 -> v1.5.6
2020-12-30T20:09:19.8971420Z  * [new tag]             v1.5.7                 -> v1.5.7
2020-12-30T20:09:19.8972287Z  * [new tag]             v1.6.0                 -> v1.6.0
2020-12-30T20:09:19.8973267Z  * [new tag]             v2.0.0                 -> v2.0.0
2020-12-30T20:09:19.8974195Z  * [new tag]             v2.0.1                 -> v2.0.1
2020-12-30T20:09:19.8975039Z  * [new tag]             v2.0.10                -> v2.0.10
2020-12-30T20:09:19.8975830Z  * [new tag]             v2.0.11                -> v2.0.11
2020-12-30T20:09:19.8976473Z  * [new tag]             v2.0.12                -> v2.0.12
2020-12-30T20:09:19.8977273Z  * [new tag]             v2.0.13                -> v2.0.13
2020-12-30T20:09:19.8979500Z  * [new tag]             v2.0.14                -> v2.0.14
2020-12-30T20:09:19.8980210Z  * [new tag]             v2.0.15                -> v2.0.15
2020-12-30T20:09:19.8980822Z  * [new tag]             v2.0.16                -> v2.0.16
2020-12-30T20:09:19.8981426Z  * [new tag]             v2.0.17                -> v2.0.17
2020-12-30T20:09:19.8982864Z  * [new tag]             v2.0.18                -> v2.0.18
2020-12-30T20:09:19.8983498Z  * [new tag]             v2.0.19                -> v2.0.19
2020-12-30T20:09:19.8984109Z  * [new tag]             v2.0.2                 -> v2.0.2
2020-12-30T20:09:19.8984705Z  * [new tag]             v2.0.20                -> v2.0.20
2020-12-30T20:09:19.8985579Z  * [new tag]             v2.0.21                -> v2.0.21
2020-12-30T20:09:19.8986778Z  * [new tag]             v2.0.3                 -> v2.0.3
2020-12-30T20:09:19.8987636Z  * [new tag]             v2.0.4                 -> v2.0.4
2020-12-30T20:09:19.8988354Z  * [new tag]             v2.0.5                 -> v2.0.5
2020-12-30T20:09:19.8989051Z  * [new tag]             v2.0.6                 -> v2.0.6
2020-12-30T20:09:19.8990399Z  * [new tag]             v2.0.7                 -> v2.0.7
2020-12-30T20:09:19.8991227Z  * [new tag]             v2.0.8                 -> v2.0.8
2020-12-30T20:09:19.8991858Z  * [new tag]             v2.0.9                 -> v2.0.9
2020-12-30T20:09:19.8992738Z  * [new tag]             v3.0.0                 -> v3.0.0
2020-12-30T20:09:19.8994122Z  * [new tag]             v3.0.1                 -> v3.0.1
2020-12-30T20:09:19.8995033Z  * [new tag]             v3.0.10                -> v3.0.10
2020-12-30T20:09:19.8995697Z  * [new tag]             v3.0.11                -> v3.0.11
2020-12-30T20:09:19.8996344Z  * [new tag]             v3.0.12                -> v3.0.12
2020-12-30T20:09:19.8997497Z  * [new tag]             v3.0.13                -> v3.0.13
2020-12-30T20:09:19.8998206Z  * [new tag]             v3.0.14                -> v3.0.14
2020-12-30T20:09:19.8999282Z  * [new tag]             v3.0.15                -> v3.0.15
2020-12-30T20:09:19.8999927Z  * [new tag]             v3.0.16                -> v3.0.16
2020-12-30T20:09:19.9000909Z  * [new tag]             v3.0.17                -> v3.0.17
2020-12-30T20:09:19.9002084Z  * [new tag]             v3.0.18                -> v3.0.18
2020-12-30T20:09:19.9002844Z  * [new tag]             v3.0.19                -> v3.0.19
2020-12-30T20:09:19.9003671Z  * [new tag]             v3.0.2                 -> v3.0.2
2020-12-30T20:09:19.9004282Z  * [new tag]             v3.0.20                -> v3.0.20
2020-12-30T20:09:19.9004897Z  * [new tag]             v3.0.21                -> v3.0.21
2020-12-30T20:09:19.9005900Z  * [new tag]             v3.0.22                -> v3.0.22
2020-12-30T20:09:19.9006505Z  * [new tag]             v3.0.23                -> v3.0.23
2020-12-30T20:09:19.9007102Z  * [new tag]             v3.0.24                -> v3.0.24
2020-12-30T20:09:19.9007696Z  * [new tag]             v3.0.25                -> v3.0.25
2020-12-30T20:09:19.9008302Z  * [new tag]             v3.0.26                -> v3.0.26
2020-12-30T20:09:19.9008903Z  * [new tag]             v3.0.27                -> v3.0.27
2020-12-30T20:09:19.9009490Z  * [new tag]             v3.0.28                -> v3.0.28
2020-12-30T20:09:19.9010091Z  * [new tag]             v3.0.29                -> v3.0.29
2020-12-30T20:09:19.9010685Z  * [new tag]             v3.0.3                 -> v3.0.3
2020-12-30T20:09:19.9011286Z  * [new tag]             v3.0.30                -> v3.0.30
2020-12-30T20:09:19.9011875Z  * [new tag]             v3.0.31                -> v3.0.31
2020-12-30T20:09:19.9012620Z  * [new tag]             v3.0.32                -> v3.0.32
2020-12-30T20:09:19.9013446Z  * [new tag]             v3.0.33                -> v3.0.33
2020-12-30T20:09:19.9014746Z  * [new tag]             v3.0.34                -> v3.0.34
2020-12-30T20:09:19.9015447Z  * [new tag]             v3.0.35                -> v3.0.35
2020-12-30T20:09:19.9016320Z  * [new tag]             v3.0.36                -> v3.0.36
2020-12-30T20:09:19.9017025Z  * [new tag]             v3.0.37                -> v3.0.37
2020-12-30T20:09:19.9017712Z  * [new tag]             v3.0.38                -> v3.0.38
2020-12-30T20:09:19.9018832Z  * [new tag]             v3.0.39                -> v3.0.39
2020-12-30T20:09:19.9019453Z  * [new tag]             v3.0.4                 -> v3.0.4
2020-12-30T20:09:19.9020073Z  * [new tag]             v3.0.40                -> v3.0.40
2020-12-30T20:09:19.9020682Z  * [new tag]             v3.0.41                -> v3.0.41
2020-12-30T20:09:19.9021303Z  * [new tag]             v3.0.42                -> v3.0.42
2020-12-30T20:09:19.9021926Z  * [new tag]             v3.0.43                -> v3.0.43
2020-12-30T20:09:19.9022524Z  * [new tag]             v3.0.44                -> v3.0.44
2020-12-30T20:09:19.9023145Z  * [new tag]             v3.0.45                -> v3.0.45
2020-12-30T20:09:19.9023759Z  * [new tag]             v3.0.46                -> v3.0.46
2020-12-30T20:09:19.9024366Z  * [new tag]             v3.0.47                -> v3.0.47
2020-12-30T20:09:19.9024984Z  * [new tag]             v3.0.48                -> v3.0.48
2020-12-30T20:09:19.9025606Z  * [new tag]             v3.0.49                -> v3.0.49
2020-12-30T20:09:19.9026222Z  * [new tag]             v3.0.5                 -> v3.0.5
2020-12-30T20:09:19.9026830Z  * [new tag]             v3.0.50                -> v3.0.50
2020-12-30T20:09:19.9027448Z  * [new tag]             v3.0.51                -> v3.0.51
2020-12-30T20:09:19.9028176Z  * [new tag]             v3.0.6                 -> v3.0.6
2020-12-30T20:09:19.9028772Z  * [new tag]             v3.0.7                 -> v3.0.7
2020-12-30T20:09:19.9029371Z  * [new tag]             v3.0.8                 -> v3.0.8
2020-12-30T20:09:19.9029965Z  * [new tag]             v3.0.9                 -> v3.0.9
2020-12-30T20:09:19.9030568Z  * [new tag]             v3.1.0                 -> v3.1.0
2020-12-30T20:09:19.9031159Z  * [new tag]             v3.1.1                 -> v3.1.1
2020-12-30T20:09:19.9031757Z  * [new tag]             v3.1.2                 -> v3.1.2
2020-12-30T20:09:19.9032358Z  * [new tag]             v3.1.3                 -> v3.1.3
2020-12-30T20:09:19.9033631Z  * [new tag]             v3.1.4                 -> v3.1.4
2020-12-30T20:09:19.9034232Z  * [new tag]             v3.1.5                 -> v3.1.5
2020-12-30T20:09:19.9034837Z  * [new tag]             v3.1.51                -> v3.1.51
2020-12-30T20:09:19.9035426Z  * [new tag]             v3.1.52                -> v3.1.52
2020-12-30T20:09:19.9036029Z  * [new tag]             v3.1.53                -> v3.1.53
2020-12-30T20:09:19.9036640Z  * [new tag]             v3.1.6                 -> v3.1.6
2020-12-30T20:09:19.9037241Z  * [new tag]             v3.1.7                 -> v3.1.7
2020-12-30T20:09:19.9037828Z  * [new tag]             v3.1.8                 -> v3.1.8
2020-12-30T20:09:19.9038421Z  * [new tag]             v3.2.0                 -> v3.2.0
2020-12-30T20:09:19.9039030Z  * [new tag]             v3.3.0                 -> v3.3.0
2020-12-30T20:09:19.9039611Z  * [new tag]             v3.3.1                 -> v3.3.1
2020-12-30T20:09:19.9040217Z  * [new tag]             v3.3.10                -> v3.3.10
2020-12-30T20:09:19.9040821Z  * [new tag]             v3.3.12                -> v3.3.12
2020-12-30T20:09:19.9041406Z  * [new tag]             v3.3.13                -> v3.3.13
2020-12-30T20:09:19.9042013Z  * [new tag]             v3.3.14                -> v3.3.14
2020-12-30T20:09:19.9042619Z  * [new tag]             v3.3.15                -> v3.3.15
2020-12-30T20:09:19.9043337Z  * [new tag]             v3.3.16                -> v3.3.16
2020-12-30T20:09:19.9043974Z  * [new tag]             v3.3.2                 -> v3.3.2
2020-12-30T20:09:19.9044573Z  * [new tag]             v3.3.3                 -> v3.3.3
2020-12-30T20:09:19.9045348Z  * [new tag]             v3.3.4                 -> v3.3.4
2020-12-30T20:09:19.9045924Z  * [new tag]             v3.3.5                 -> v3.3.5
2020-12-30T20:09:19.9046640Z  * [new tag]             v3.3.6                 -> v3.3.6
2020-12-30T20:09:19.9047221Z  * [new tag]             v3.3.7                 -> v3.3.7
2020-12-30T20:09:19.9047781Z  * [new tag]             v3.3.8                 -> v3.3.8
2020-12-30T20:09:19.9048363Z  * [new tag]             v3.3.9                 -> v3.3.9
2020-12-30T20:09:19.9048939Z  * [new tag]             v3.4.0                 -> v3.4.0
2020-12-30T20:09:19.9049518Z  * [new tag]             v3.4.1                 -> v3.4.1
2020-12-30T20:09:19.9050088Z  * [new tag]             v3.4.10                -> v3.4.10
2020-12-30T20:09:19.9050684Z  * [new tag]             v3.4.11                -> v3.4.11
2020-12-30T20:09:19.9051265Z  * [new tag]             v3.4.2                 -> v3.4.2
2020-12-30T20:09:19.9051828Z  * [new tag]             v3.4.3                 -> v3.4.3
2020-12-30T20:09:19.9052402Z  * [new tag]             v3.4.4                 -> v3.4.4
2020-12-30T20:09:19.9052985Z  * [new tag]             v3.4.6                 -> v3.4.6
2020-12-30T20:09:19.9053564Z  * [new tag]             v3.4.7                 -> v3.4.7
2020-12-30T20:09:19.9054129Z  * [new tag]             v3.4.8                 -> v3.4.8
2020-12-30T20:09:19.9054931Z  * [new tag]             v3.4.9                 -> v3.4.9
2020-12-30T20:09:19.9055530Z  * [new tag]             v3.5.0                 -> v3.5.0
2020-12-30T20:09:19.9056111Z  * [new tag]             v3.5.1                 -> v3.5.1
2020-12-30T20:09:19.9056711Z  * [new tag]             v3.5.10                -> v3.5.10
2020-12-30T20:09:19.9057321Z  * [new tag]             v3.5.11                -> v3.5.11
2020-12-30T20:09:19.9058070Z  * [new tag]             v3.5.12                -> v3.5.12
2020-12-30T20:09:19.9058659Z  * [new tag]             v3.5.13                -> v3.5.13
2020-12-30T20:09:19.9059243Z  * [new tag]             v3.5.14                -> v3.5.14
2020-12-30T20:09:19.9059832Z  * [new tag]             v3.5.2                 -> v3.5.2
2020-12-30T20:09:19.9060406Z  * [new tag]             v3.5.3                 -> v3.5.3
2020-12-30T20:09:19.9060985Z  * [new tag]             v3.5.4                 -> v3.5.4
2020-12-30T20:09:19.9061564Z  * [new tag]             v3.5.5                 -> v3.5.5
2020-12-30T20:09:19.9062128Z  * [new tag]             v3.5.6                 -> v3.5.6
2020-12-30T20:09:19.9062709Z  * [new tag]             v3.5.7                 -> v3.5.7
2020-12-30T20:09:19.9063289Z  * [new tag]             v3.5.8                 -> v3.5.8
2020-12-30T20:09:19.9063851Z  * [new tag]             v3.5.9                 -> v3.5.9
2020-12-30T20:09:19.9064437Z  * [new tag]             v3.6.0                 -> v3.6.0
2020-12-30T20:09:19.9065020Z  * [new tag]             v3.6.1                 -> v3.6.1
2020-12-30T20:09:19.9065813Z  * [new tag]             v3.6.2                 -> v3.6.2
2020-12-30T20:09:19.9066363Z  * [new tag]             v3.6.3                 -> v3.6.3
2020-12-30T20:09:19.9066928Z  * [new tag]             v3.6.4                 -> v3.6.4
2020-12-30T20:09:19.9067498Z  * [new tag]             v3.7.0                 -> v3.7.0
2020-12-30T20:09:19.9068044Z  * [new tag]             v3.7.1                 -> v3.7.1
2020-12-30T20:09:19.9068605Z  * [new tag]             v3.7.2                 -> v3.7.2
2020-12-30T20:09:19.9069351Z  * [new tag]             v3.7.3                 -> v3.7.3
2020-12-30T20:09:19.9070981Z ##[command]git checkout --progress --force refs/remotes/pull/1199/merge
2020-12-30T20:09:20.2753860Z Note: switching to 'refs/remotes/pull/1199/merge'.
2020-12-30T20:09:20.2754292Z 
2020-12-30T20:09:20.2755582Z You are in 'detached HEAD' state. You can look around, make experimental
2020-12-30T20:09:20.2756599Z changes and commit them, and you can discard any commits you make in this
2020-12-30T20:09:20.2757377Z state without impacting any branches by switching back to a branch.
2020-12-30T20:09:20.2757823Z 
2020-12-30T20:09:20.2758682Z If you want to create a new branch to retain commits you create, you may
2020-12-30T20:09:20.2759901Z do so (now or later) by using -c with the switch command. Example:
2020-12-30T20:09:20.2760296Z 
2020-12-30T20:09:20.2760854Z   git switch -c <new-branch-name>
2020-12-30T20:09:20.2761188Z 
2020-12-30T20:09:20.2761556Z Or undo this operation with:
2020-12-30T20:09:20.2761845Z 
2020-12-30T20:09:20.2762297Z   git switch -
2020-12-30T20:09:20.2762544Z 
2020-12-30T20:09:20.2763125Z Turn off this advice by setting config variable advice.detachedHead to false
2020-12-30T20:09:20.2763622Z 
2020-12-30T20:09:20.2764339Z HEAD is now at 755e2194a Merge b65d1264a9c5d54cb760705fc905c8d7682e6040 into 995408e6f19a925190d2e787624b9c30098beca4
2020-12-30T20:09:20.2931320Z ##[group]Run trilom/file-changes-action@v1.2.4
2020-12-30T20:09:20.2931884Z with:
2020-12-30T20:09:20.2932224Z   output:  
2020-12-30T20:09:20.2932941Z   githubToken: ***
2020-12-30T20:09:20.2933372Z   fileOutput: json
2020-12-30T20:09:20.2933772Z ##[endgroup]
2020-12-30T20:09:20.3954859Z ##[warning]Received event from pull_request, but also received a before(227142fe46a11cc560c0d83a525826f5f62f3c4e) or after(b65d1264a9c5d54cb760705fc905c8d7682e6040) value.
 I am assuming you want to use a Push event but forgot something, so I'm giving you a message.
2020-12-30T20:09:20.6544157Z ##[group]Run actions/setup-node@v1
2020-12-30T20:09:20.6544672Z with:
2020-12-30T20:09:20.6545085Z   node-version: 13.x
2020-12-30T20:09:20.6545951Z   registry-url: https://npm.pkg.github.com/
2020-12-30T20:09:20.6546666Z   scope: @paretogroup
2020-12-30T20:09:20.6547160Z   always-auth: false
2020-12-30T20:09:20.6547592Z ##[endgroup]
2020-12-30T20:09:21.1978634Z [command]/bin/tar xz --warning=no-unknown-keyword -C /home/runner/work/_temp/01bddfb0-8510-4f33-8ecd-05d6fc97baf9 -f /home/runner/work/_temp/a892c637-72d7-4751-8631-d93058f1394b
2020-12-30T20:09:24.0027301Z [command]/opt/hostedtoolcache/node/13.14.0/x64/bin/node --version
2020-12-30T20:09:24.0129631Z v13.14.0
2020-12-30T20:09:24.0142265Z [command]/opt/hostedtoolcache/node/13.14.0/x64/bin/npm --version
2020-12-30T20:09:24.1867932Z 6.14.4
2020-12-30T20:09:24.2121898Z ##[group]Run npm ci --prefer-offline --no-audit --no-progress --no-optional
2020-12-30T20:09:24.2122742Z [36;1mnpm ci --prefer-offline --no-audit --no-progress --no-optional[0m
2020-12-30T20:09:24.2169799Z shell: /bin/bash -e {0}
2020-12-30T20:09:24.2170170Z env:
2020-12-30T20:09:24.2170637Z   NPM_CONFIG_USERCONFIG: /home/runner/work/_temp/.npmrc
2020-12-30T20:09:24.2171783Z   NODE_AUTH_TOKEN: ***
2020-12-30T20:09:24.2172530Z ##[endgroup]
2020-12-30T20:10:20.5504582Z 
2020-12-30T20:10:20.5509751Z > pose-core@2.0.2 postinstall /home/runner/work/platform-spa/platform-spa/node_modules/pose-core
2020-12-30T20:10:20.5513405Z > node ./scripts/postinstall.js || exit 0
2020-12-30T20:10:20.5513921Z 
2020-12-30T20:10:20.6069647Z       
2020-12-30T20:10:20.6083179Z       +-------------------------------------------------+
2020-12-30T20:10:20.6084103Z       |                                                 |
2020-12-30T20:10:20.6085201Z       |          Hey! Using Pose commercially?          |
2020-12-30T20:10:20.6085834Z       |                                                 |
2020-12-30T20:10:20.6086385Z       |         Pose is completely open source.         |
2020-12-30T20:10:20.6088746Z       |       Its continued development relies on       |
2020-12-30T20:10:20.6093208Z       |          contributions and sponsorship.         |
2020-12-30T20:10:20.6093874Z       |                                                 |
2020-12-30T20:10:20.6094870Z       |          Join us: patreon.com/popmotion         |
2020-12-30T20:10:20.6095965Z       |                                                 |
2020-12-30T20:10:20.6096907Z       +-------------------------------------------------+
2020-12-30T20:10:20.6097348Z       
2020-12-30T20:10:21.0147871Z 
2020-12-30T20:10:21.0150972Z > core-js@2.6.9 postinstall /home/runner/work/platform-spa/platform-spa/node_modules/draft-js/node_modules/core-js
2020-12-30T20:10:21.0153450Z > node scripts/postinstall || echo "ignore"
2020-12-30T20:10:21.0154332Z 
2020-12-30T20:10:21.0730870Z 
2020-12-30T20:10:21.0735026Z > core-js@3.6.0 postinstall /home/runner/work/platform-spa/platform-spa/node_modules/core-js
2020-12-30T20:10:21.0745886Z > node -e "try{require('./postinstall')}catch(e){}"
2020-12-30T20:10:21.0746648Z 
2020-12-30T20:10:21.1484032Z 
2020-12-30T20:10:21.1487564Z > @paretogroup/tess@0.3.0-alpha.3 preinstall /home/runner/work/platform-spa/platform-spa/node_modules/@paretogroup/tess
2020-12-30T20:10:21.1495521Z > npm run preinstall:netlify
2020-12-30T20:10:21.1496203Z 
2020-12-30T20:10:21.4108697Z 
2020-12-30T20:10:21.4111412Z > @paretogroup/tess@0.3.0-alpha.3 preinstall:netlify /home/runner/work/platform-spa/platform-spa/node_modules/@paretogroup/tess
2020-12-30T20:10:21.4113534Z > node ./tools/scripts/netlify/init.js
2020-12-30T20:10:21.4114151Z 
2020-12-30T20:10:21.7781850Z 
2020-12-30T20:10:21.7784169Z > ejs@2.7.4 postinstall /home/runner/work/platform-spa/platform-spa/node_modules/ejs
2020-12-30T20:10:21.7785301Z > node ./postinstall.js
2020-12-30T20:10:21.7785884Z 
2020-12-30T20:10:21.9462913Z 
2020-12-30T20:10:21.9468362Z > core-js@2.6.9 postinstall /home/runner/work/platform-spa/platform-spa/node_modules/unused-files-webpack-plugin/node_modules/core-js
2020-12-30T20:10:21.9479413Z > node scripts/postinstall || echo "ignore"
2020-12-30T20:10:21.9480573Z 
2020-12-30T20:10:22.1391246Z 
2020-12-30T20:10:22.1394349Z > node-sass@4.13.1 install /home/runner/work/platform-spa/platform-spa/node_modules/node-sass
2020-12-30T20:10:22.1395732Z > node scripts/install.js
2020-12-30T20:10:22.1396443Z 
2020-12-30T20:10:22.5571516Z Downloading binary from https://github.com/sass/node-sass/releases/download/v4.13.1/linux-x64-79_binding.node
2020-12-30T20:10:22.8210870Z Download complete
2020-12-30T20:10:22.8250655Z Binary saved to /home/runner/work/platform-spa/platform-spa/node_modules/node-sass/vendor/linux-x64-79/binding.node
2020-12-30T20:10:22.8802805Z Caching binary to /home/runner/.npm/_cacache/node-sass/4.13.1/linux-x64-79_binding.node
2020-12-30T20:10:22.9014370Z 
2020-12-30T20:10:22.9017240Z > node-sass@4.13.1 postinstall /home/runner/work/platform-spa/platform-spa/node_modules/node-sass
2020-12-30T20:10:22.9018784Z > node scripts/build.js
2020-12-30T20:10:22.9019272Z 
2020-12-30T20:10:23.1064774Z Binary found at /home/runner/work/platform-spa/platform-spa/node_modules/node-sass/vendor/linux-x64-79/binding.node
2020-12-30T20:10:23.1068781Z Testing binary
2020-12-30T20:10:23.2656207Z Binary is fine
2020-12-30T20:10:24.6689814Z 
2020-12-30T20:10:24.6692490Z > core-js-pure@3.6.4 postinstall /home/runner/work/platform-spa/platform-spa/node_modules/core-js-pure
2020-12-30T20:10:24.6694206Z > node -e "try{require('./postinstall')}catch(e){}"
2020-12-30T20:10:24.6698536Z 
2020-12-30T20:10:25.2814832Z added 5129 packages in 60.589s
2020-12-30T20:10:25.3144973Z ##[group]Run danger/danger-js@9.1.8
2020-12-30T20:10:25.3145418Z env:
2020-12-30T20:10:25.3145925Z   NPM_CONFIG_USERCONFIG: /home/runner/work/_temp/.npmrc
2020-12-30T20:10:25.3146576Z   NODE_AUTH_TOKEN: XXXXX-XXXXX-XXXXX-XXXXX
2020-12-30T20:10:25.3147685Z   GITHUB_TOKEN: ***
2020-12-30T20:10:25.3148072Z ##[endgroup]
2020-12-30T20:10:25.3190604Z ##[command]/usr/bin/docker run --name cc4956dec5b9a755fc4f6fbc655ff8a8c79710_61bf33 --label cc4956 --workdir /github/workspace --rm -e NPM_CONFIG_USERCONFIG -e NODE_AUTH_TOKEN -e GITHUB_TOKEN -e HOME -e GITHUB_JOB -e GITHUB_REF -e GITHUB_SHA -e GITHUB_REPOSITORY -e GITHUB_REPOSITORY_OWNER -e GITHUB_RUN_ID -e GITHUB_RUN_NUMBER -e GITHUB_RETENTION_DAYS -e GITHUB_ACTOR -e GITHUB_WORKFLOW -e GITHUB_HEAD_REF -e GITHUB_BASE_REF -e GITHUB_EVENT_NAME -e GITHUB_SERVER_URL -e GITHUB_API_URL -e GITHUB_GRAPHQL_URL -e GITHUB_WORKSPACE -e GITHUB_ACTION -e GITHUB_EVENT_PATH -e GITHUB_ACTION_REPOSITORY -e GITHUB_ACTION_REF -e GITHUB_PATH -e GITHUB_ENV -e RUNNER_OS -e RUNNER_TOOL_CACHE -e RUNNER_TEMP -e RUNNER_WORKSPACE -e ACTIONS_RUNTIME_URL -e ACTIONS_RUNTIME_TOKEN -e ACTIONS_CACHE_URL -e GITHUB_ACTIONS=true -e CI=true -v "/var/run/docker.sock":"/var/run/docker.sock" -v "/home/runner/work/_temp/_github_home":"/github/home" -v "/home/runner/work/_temp/_github_workflow":"/github/workflow" -v "/home/runner/work/_temp/_runner_file_commands":"/github/file_commands" -v "/home/runner/work/platform-spa/platform-spa":"/github/workspace" cc4956:dec5b9a755fc4f6fbc655ff8a8c79710
2020-12-30T20:10:32.1128615Z Browserslist: caniuse-lite is outdated. Please run next command `npm update caniuse-lite browserslist`
2020-12-30T20:10:32.1129894Z 
2020-12-30T20:10:35.4614378Z (node:24) [DEP0005] DeprecationWarning: Buffer() is deprecated due to security and usability issues. Please use the Buffer.alloc(), Buffer.allocUnsafe(), or Buffer.from() methods instead.
2020-12-30T20:10:35.4615836Z 
2020-12-30T20:10:36.0671584Z 
2020-12-30T20:10:36.1173248Z Found only messages, passing those to review.
2020-12-30T20:10:37.2996894Z Feedback: https://github.com/paretogroup/platform-spa/pull/1199#issuecomment-752743772
2020-12-30T20:10:37.9149200Z ##[group]Run changed_files=$(echo 'domain/_screens/workflow/automatic-card/ads-experiments/AdsExperimentsComparison.js domain/_screens/workflow/automatic-card/ads-experiments/AdsExperimentsInboxContent.js domain/_screens/workflow/automatic-card/ads-experiments/AdsExperimentsTable.js domain/_screens/workflow/automatic-card/ads-experiments/ads-experiments.utils.js' | tr ' ' '\n' | sed 's/^/"/g' | sed 's/$/"/g' | tr '\n' ',' | sed 's/,$//g')
2020-12-30T20:10:37.9153541Z [36;1mchanged_files=$(echo 'domain/_screens/workflow/automatic-card/ads-experiments/AdsExperimentsComparison.js domain/_screens/workflow/automatic-card/ads-experiments/AdsExperimentsInboxContent.js domain/_screens/workflow/automatic-card/ads-experiments/AdsExperimentsTable.js domain/_screens/workflow/automatic-card/ads-experiments/ads-experiments.utils.js' | tr ' ' '\n' | sed 's/^/"/g' | sed 's/$/"/g' | tr '\n' ',' | sed 's/,$//g')[0m
2020-12-30T20:10:37.9156133Z [36;1mnpm run test:coverage:ci -- --collectCoverageFrom="[$changed_files]"[0m
2020-12-30T20:10:37.9200275Z shell: /bin/bash -e {0}
2020-12-30T20:10:37.9200644Z env:
2020-12-30T20:10:37.9201123Z   NPM_CONFIG_USERCONFIG: /home/runner/work/_temp/.npmrc
2020-12-30T20:10:37.9201969Z   NODE_AUTH_TOKEN: XXXXX-XXXXX-XXXXX-XXXXX
2020-12-30T20:10:37.9202482Z ##[endgroup]
2020-12-30T20:10:38.1836728Z 
2020-12-30T20:10:38.1838590Z > saas-web@1.0.0 test:coverage:ci /home/runner/work/platform-spa/platform-spa
2020-12-30T20:10:38.1845127Z > jest --ci --coverage --silent --maxWorkers=1 "--collectCoverageFrom=[\"domain/_screens/workflow/automatic-card/ads-experiments/AdsExperimentsComparison.js\",\"domain/_screens/workflow/automatic-card/ads-experiments/AdsExperimentsInboxContent.js\",\"domain/_screens/workflow/automatic-card/ads-experiments/AdsExperimentsTable.js\",\"domain/_screens/workflow/automatic-card/ads-experiments/ads-experiments.utils.js\"]"
2020-12-30T20:10:38.1847458Z 
2020-12-30T20:10:41.3999238Z Browserslist: caniuse-lite is outdated. Please run next command `npm update caniuse-lite browserslist`
2020-12-30T20:10:50.5889972Z PASS domain/auth/auth-state.test.js (6.905s)
2020-12-30T20:11:16.5488285Z PASS domain/auth/sign-up/sign-up-container.test.js (25.554s)
2020-12-30T20:11:22.4413889Z PASS domain/auth/challenge-new-password-required/challenge-new-password-required-container.test.js (5.526s)
2020-12-30T20:11:23.2906731Z PASS domain/analytics/product/handlers/dashboard.test.ts
2020-12-30T20:11:24.0490050Z PASS domain/cards/cards.state.test.tsx
2020-12-30T20:11:30.4981672Z PASS __tests__/screens/overview/campaign_table/campaign-table-container.test.js (6.115s)
2020-12-30T20:11:31.4601381Z PASS domain/_screens/campaigns/facebook/enhancers/with-banner-actions.test.js
2020-12-30T20:11:33.7075799Z PASS domain/auth/confirm-forgot-password/confirm-forgot-password-container.test.js
2020-12-30T20:11:35.6091126Z PASS domain/auth/check-sign-up-data/update-sign-up-data/update-sign-up-data-container.test.tsx
2020-12-30T20:11:38.7648449Z PASS shared/components/modals/FacebookAdModal/FacebookAdForm.test.js
2020-12-30T20:11:45.1280145Z PASS shared/components/modals/goal-modal/goal-modal.test.js (6.021s)
2020-12-30T20:11:47.0072257Z (node:3803) UnhandledPromiseRejectionWarning: Error: Actions must be plain objects. Use custom middleware for async actions.
2020-12-30T20:11:47.0075134Z (Use `node --trace-warnings ...` to show where the warning was created)
2020-12-30T20:11:47.0079342Z (node:3803) UnhandledPromiseRejectionWarning: Unhandled promise rejection. This error originated either by throwing inside of an async function without a catch block, or by rejecting a promise which was not handled with .catch(). To terminate the node process on unhandled promise rejection, use the CLI flag `--unhandled-rejections=strict` (see https://nodejs.org/api/cli.html#cli_unhandled_rejections_mode). (rejection id: 60)
2020-12-30T20:11:47.0083742Z (node:3803) [DEP0018] DeprecationWarning: Unhandled promise rejections are deprecated. In the future, promise rejections that are not handled will terminate the Node.js process with a non-zero exit code.
2020-12-30T20:11:47.0086285Z (node:3803) UnhandledPromiseRejectionWarning: Error: Actions must be plain objects. Use custom middleware for async actions.
2020-12-30T20:11:47.0090450Z (node:3803) UnhandledPromiseRejectionWarning: Unhandled promise rejection. This error originated either by throwing inside of an async function without a catch block, or by rejecting a promise which was not handled with .catch(). To terminate the node process on unhandled promise rejection, use the CLI flag `--unhandled-rejections=strict` (see https://nodejs.org/api/cli.html#cli_unhandled_rejections_mode). (rejection id: 61)
2020-12-30T20:11:47.0094642Z (node:3803) UnhandledPromiseRejectionWarning: Error: Actions must be plain objects. Use custom middleware for async actions.
2020-12-30T20:11:47.0101132Z (node:3803) UnhandledPromiseRejectionWarning: Unhandled promise rejection. This error originated either by throwing inside of an async function without a catch block, or by rejecting a promise which was not handled with .catch(). To terminate the node process on unhandled promise rejection, use the CLI flag `--unhandled-rejections=strict` (see https://nodejs.org/api/cli.html#cli_unhandled_rejections_mode). (rejection id: 62)
2020-12-30T20:11:47.0104367Z (node:3803) UnhandledPromiseRejectionWarning: Error: Actions must be plain objects. Use custom middleware for async actions.
2020-12-30T20:11:47.0108176Z (node:3803) UnhandledPromiseRejectionWarning: Unhandled promise rejection. This error originated either by throwing inside of an async function without a catch block, or by rejecting a promise which was not handled with .catch(). To terminate the node process on unhandled promise rejection, use the CLI flag `--unhandled-rejections=strict` (see https://nodejs.org/api/cli.html#cli_unhandled_rejections_mode). (rejection id: 63)
2020-12-30T20:11:47.0197312Z (node:3803) UnhandledPromiseRejectionWarning: Error: Actions must be plain objects. Use custom middleware for async actions.
2020-12-30T20:11:47.0202954Z (node:3803) UnhandledPromiseRejectionWarning: Unhandled promise rejection. This error originated either by throwing inside of an async function without a catch block, or by rejecting a promise which was not handled with .catch(). To terminate the node process on unhandled promise rejection, use the CLI flag `--unhandled-rejections=strict` (see https://nodejs.org/api/cli.html#cli_unhandled_rejections_mode). (rejection id: 64)
2020-12-30T20:11:47.0206727Z PASS domain/billing/order/simulation/simulation-form/simulation-form.container.test.tsx
2020-12-30T20:11:47.6477432Z PASS domain/auth/auth-service.test.js
2020-12-30T20:11:48.1719692Z PASS domain/analytics/product/handlers/sign-up.test.ts
2020-12-30T20:11:51.1727459Z PASS domain/_screens/overview/campaign-table/campaign-table-component.test.js
2020-12-30T20:11:52.4807600Z PASS domain/_screens/overview/estimation/estimate-box-container.test.js
2020-12-30T20:11:54.2988543Z PASS __tests__/screens/workflow/automatic_card/bid_modifier/BidModifierModal.test.js
2020-12-30T20:11:54.7888430Z PASS __tests__/screens/workflow/automatic_card/bid_modifier/BidModifierDataFactory.test.js
2020-12-30T20:11:55.5527210Z PASS packages/pareto-quantic-style/campaign-select/CampaignSelect.test.js
2020-12-30T20:11:56.3011048Z PASS domain/billing/order/order.state.test.ts
2020-12-30T20:12:11.1815934Z PASS domain/_screens/header/Header.screen.test.js (14.528s)
2020-12-30T20:12:11.9068668Z PASS domain/integrations/integration-strategies/oauth-strategy/oauth-strategy.test.tsx
2020-12-30T20:12:12.7453918Z PASS packages/pareto-style/select/Select.test.js
2020-12-30T20:12:18.3584145Z PASS __tests__/screens/workflow/manual_card/ManualCardModal.test.js (5.275s)
2020-12-30T20:12:19.4698170Z PASS domain/integrations/woocommerce-integration/woocommerce-integration.test.tsx
2020-12-30T20:12:23.5402954Z PASS domain/dashboard/dashboard.test.tsx
2020-12-30T20:12:26.7130327Z PASS domain/auth/update-user-profile/update-user-profile-container.test.js
2020-12-30T20:12:27.8170884Z PASS domain/integrations/loja-integrada-integration/loja-integrada-integration.test.tsx
2020-12-30T20:12:28.4527830Z PASS domain/billing/details/billing-details.state.test.tsx
2020-12-30T20:12:29.5166431Z PASS domain/integrations/pipedrive-integration/pipedrive-integration.test.tsx
2020-12-30T20:12:30.0228874Z PASS __tests__/components/inputs/selects/styles/indicators.test.js
2020-12-30T20:12:32.2590818Z PASS domain/auth/forgot-password/forgot-password-container.test.js
2020-12-30T20:12:33.3010925Z PASS domain/integrations/facebook-integration/facebook-integration.test.tsx
2020-12-30T20:12:41.8894401Z PASS domain/_screens/workflow/card-modal/automatic-card-modal/AutomaticCardModal.test.js (8.221s)
2020-12-30T20:12:52.6800278Z PASS domain/router/platform-route.test.tsx (10.409s)
2020-12-30T20:12:53.3679716Z PASS shared/components/alerts/header-alert.test.js
2020-12-30T20:12:55.5946610Z PASS domain/auth/sign-in/sign-in-container.test.js
2020-12-30T20:12:57.3217897Z PASS domain/dashboard/tag-group/tag-group-container/tag-group-container.test.js
2020-12-30T20:12:59.7574412Z PASS domain/auth/sign-up-confirmation/sign-up-confirmation-container.test.js
2020-12-30T20:13:03.6818636Z PASS domain/goals/goals.test.js
2020-12-30T20:13:04.8561059Z PASS domain/company/contacts/company-contacts-container.test.tsx
2020-12-30T20:13:06.1178003Z (node:3803) UnhandledPromiseRejectionWarning: Error: Actions must be plain objects. Use custom middleware for async actions.
2020-12-30T20:13:06.1182341Z (node:3803) UnhandledPromiseRejectionWarning: Unhandled promise rejection. This error originated either by throwing inside of an async function without a catch block, or by rejecting a promise which was not handled with .catch(). To terminate the node process on unhandled promise rejection, use the CLI flag `--unhandled-rejections=strict` (see https://nodejs.org/api/cli.html#cli_unhandled_rejections_mode). (rejection id: 119)
2020-12-30T20:13:06.1186096Z (node:3803) UnhandledPromiseRejectionWarning: Error: Actions must be plain objects. Use custom middleware for async actions.
2020-12-30T20:13:06.1193167Z (node:3803) UnhandledPromiseRejectionWarning: Unhandled promise rejection. This error originated either by throwing inside of an async function without a catch block, or by rejecting a promise which was not handled with .catch(). To terminate the node process on unhandled promise rejection, use the CLI flag `--unhandled-rejections=strict` (see https://nodejs.org/api/cli.html#cli_unhandled_rejections_mode). (rejection id: 120)
2020-12-30T20:13:06.1196443Z PASS domain/billing/details/billing-details.test.tsx
2020-12-30T20:13:07.2914995Z PASS domain/comments/comment-chat/comment-chat-container.test.tsx
2020-12-30T20:13:07.8229805Z PASS __tests__/screens/redux/workflow/reducers/workflow_reducer.test.js
2020-12-30T20:13:09.0822097Z PASS domain/dashboard/hotspot/hot-spot-container/hot-spot-container.test.js
2020-12-30T20:13:10.5468165Z PASS domain/billing/order/order-modal/order-modal.test.tsx
2020-12-30T20:13:11.1811612Z PASS domain/navigation/interactive-header/interactive-header.test.js
2020-12-30T20:13:11.8412969Z PASS domain/integrations/integrations-properties.state.test.ts
2020-12-30T20:13:12.4141118Z PASS shared/utils/image/image.test.js
2020-12-30T20:13:13.8731172Z PASS __tests__/screens/overview/segmented/SegmentedMetricSelector.test.js
2020-12-30T20:13:14.6844548Z PASS domain/workflow/column/column-container.test.tsx
2020-12-30T20:13:15.3013722Z PASS shared/components/modals/FacebookAdModal/FacebookAdAssets.test.js
2020-12-30T20:13:15.7834405Z PASS domain/analytics/intercom/intercom-script.test.js
2020-12-30T20:13:18.5447581Z PASS domain/_screens/workflow/automatic-card/ad-creation/ad-creation-component.test.js
2020-12-30T20:13:19.9106171Z PASS __tests__/screens/manage_settings/ManageSettingsContainer.screen.test.js
2020-12-30T20:13:20.3973993Z PASS __tests__/components/inputs/selects/styles/input.test.js
2020-12-30T20:13:21.0374032Z PASS domain/dashboard/cluster/cluster.test.tsx
2020-12-30T20:13:22.9047150Z PASS domain/dashboard/big-numbers/big-numbers.test.js
2020-12-30T20:13:23.7333680Z PASS domain/integrations/integration-strategies/modal-strategy/modal-strategy-integration.test.tsx
2020-12-30T20:13:24.2310040Z PASS __tests__/utils/strings.test.js
2020-12-30T20:13:24.7179379Z PASS domain/dashboard/big-numbers/big-numbers.utils.test.js
2020-12-30T20:13:25.2412328Z PASS domain/_screens/overview/campaign-table/campaign-table.utils.test.js
2020-12-30T20:13:26.1760381Z (node:3803) UnhandledPromiseRejectionWarning: TypeError: Cannot read property 'full_name' of undefined
2020-12-30T20:13:26.1764352Z (node:3803) UnhandledPromiseRejectionWarning: Unhandled promise rejection. This error originated either by throwing inside of an async function without a catch block, or by rejecting a promise which was not handled with .catch(). To terminate the node process on unhandled promise rejection, use the CLI flag `--unhandled-rejections=strict` (see https://nodejs.org/api/cli.html#cli_unhandled_rejections_mode). (rejection id: 124)
2020-12-30T20:13:26.1767269Z PASS __tests__/screens/workflow/manual_card/assignee/ManualModalAssigneeContainer.test.js
2020-12-30T20:13:27.2919766Z PASS domain/alert/alert.middleware.test.js
2020-12-30T20:13:30.1674073Z PASS __tests__/components/data_display/accordions/RoundedSquareAccordion.test.js
2020-12-30T20:13:30.7804982Z PASS domain/billing/order/simulation/simulation-result/simulation-result.test.tsx
2020-12-30T20:13:31.2419769Z PASS domain/dashboard/segmented/metrics-report/metrics-report.utils.test.js
2020-12-30T20:13:31.7129056Z PASS __tests__/redux/campaigns/reducers/carousel_reducer.test.js
2020-12-30T20:13:32.6472149Z PASS domain/dashboard/tag-group/tag-groups-selector/tag-groups-selector.test.js
2020-12-30T20:13:33.1409770Z PASS shared/utils/strings.test.js
2020-12-30T20:13:33.7964372Z PASS domain/auth/check-sign-up-data/check-sign-up-data.middlewares.test.ts
2020-12-30T20:13:36.0500779Z PASS domain/integrations/integration-strategies/oauth-strategy/oauth-strategy-integration.test.tsx
2020-12-30T20:14:19.0749454Z PASS domain/auth/sign-up/sign-up.validation.test.ts (43.273s)
2020-12-30T20:14:20.6815787Z PASS domain/_screens/workflow/suggestion-card/suggestion-card-modal.test.js
2020-12-30T20:14:22.3753699Z PASS domain/forecast/forecast.test.tsx
2020-12-30T20:14:23.0026211Z PASS domain/auth/sign-up-confirmation/sign-up-email-code/sign-up-email-code.test.js
2020-12-30T20:14:23.5470263Z PASS domain/dashboard/campaigns/campaigns.utils.test.js
2020-12-30T20:14:24.8115414Z PASS domain/dashboard/dashboard-filters/dashboard-filters.test.js
2020-12-30T20:14:25.7157378Z PASS __tests__/screens/workflow/automatic_card/template/CardModalTemplate.test.js
2020-12-30T20:14:26.8642025Z PASS __tests__/screens/workflow/automatic_card/facebook_banner/FacebookBannerModalContainer.test.js
2020-12-30T20:14:27.5080262Z PASS domain/_screens/workflow/manual-card/tag/manual-modal-tag-container.test.js
2020-12-30T20:14:28.2304914Z PASS domain/dashboard/budget-manager-tag-group/budget-manager-tag-group.test.tsx
2020-12-30T20:14:29.1701851Z PASS domain/_screens/workflow/card/card-container.test.js
2020-12-30T20:14:30.1544106Z PASS domain/dashboard/big-numbers/big-numbers-widget/big-numbers-widget.test.js
2020-12-30T20:14:30.9570804Z PASS domain/feature-toggle/feature-toggle-routes.test.tsx
2020-12-30T20:14:31.6309581Z PASS __tests__/components/inputs/selects/DefaultMultipleSelector.test.js
2020-12-30T20:14:32.1826366Z PASS shared/utils/video/video.test.js
2020-12-30T20:14:32.6609609Z PASS domain/billing/details/billing-details.utils.test.ts
2020-12-30T20:14:34.7756290Z PASS shared/components/modals/FacebookAdModal/FacebookAdModal.test.js
2020-12-30T20:14:35.2378759Z PASS __tests__/screens/workflow/automatic_card/smart_funnel/google/configuration/SmartBudgetFunnelSteps.test.js
2020-12-30T20:14:35.8777049Z PASS domain/platform/platform-selector/header-selector-component.test.js
2020-12-30T20:14:36.5029653Z PASS shared/components/modals/FacebookAdModal/FacebookAdPreview.test.js
2020-12-30T20:14:37.3710639Z PASS domain/account/account-settings/account-settings-modal.test.js
2020-12-30T20:14:37.9192840Z PASS domain/_screens/overview/campaign-table/campaign-table-consolidator.test.js
2020-12-30T20:14:38.6789911Z PASS domain/_screens/workflow/automatic-card/smart-funnel/google/configuration/AutomaticCardSmartBudgetGoogleConfiguration.test.js
2020-12-30T20:14:39.1766151Z PASS domain/analytics/product/handlers/menu.test.ts
2020-12-30T20:14:39.6934060Z PASS shared/components/tooltips/segmented-tooltip/segmented-tooltip.utils.test.js
2020-12-30T20:14:40.2483740Z PASS __tests__/components/data_display/avatars/AvatarGroup.test.js
2020-12-30T20:14:41.2956900Z PASS domain/integrations/integrations-list/integrations-list-container.test.tsx
2020-12-30T20:14:41.9534112Z PASS domain/_screens/header/product-tour/product-tour.test.tsx
2020-12-30T20:14:42.4312331Z PASS __tests__/components/messages-and-erros/ToastsNotifications.test.js
2020-12-30T20:14:42.9417215Z PASS domain/dashboard/tag-group/tag-group-container/tag-group-container.utils.test.js
2020-12-30T20:14:43.4608758Z PASS domain/goals/goals.selectors.test.js
2020-12-30T20:14:45.0165847Z PASS domain/goals/goals-filters.test.js
2020-12-30T20:14:45.6271254Z PASS domain/_screens/workflow/automatic-card/mobile-apps-performance/MobileAppsPerformance.test.js
2020-12-30T20:14:46.1232945Z PASS __tests__/components/navigations/menu/dropdown_menu/DropdownMenu.test.js
2020-12-30T20:14:46.7317232Z FAIL __tests__/screens/workflow/automatic_card/ads_experiments/AdsExperimentsUtils.test.js
2020-12-30T20:14:46.7334546Z   ● AdsExperiments Utils › getAdsExperimentComparisonData › Should return comparison data correctly
2020-12-30T20:14:46.7335843Z 
2020-12-30T20:14:46.7336441Z     expect(received).toEqual(expected) // deep equality
2020-12-30T20:14:46.7336864Z 
2020-12-30T20:14:46.7337536Z     - Expected
2020-12-30T20:14:46.7338087Z     + Received
2020-12-30T20:14:46.7338333Z 
2020-12-30T20:14:46.7338852Z     @@ -31,58 +31,58 @@
2020-12-30T20:14:46.7339206Z             },
2020-12-30T20:14:46.7339518Z           },
2020-12-30T20:14:46.7339842Z         ],
2020-12-30T20:14:46.7340233Z         Array [
2020-12-30T20:14:46.7340592Z           Object {
2020-12-30T20:14:46.7341454Z     -       "key": "CTR-0.02079894354572466",
2020-12-30T20:14:46.7342309Z     +       "key": "CTR-0.012164216928535226",
2020-12-30T20:14:46.7342755Z             "label": "CTR",
2020-12-30T20:14:46.7343186Z             "styles": Object {
2020-12-30T20:14:46.7343874Z               "justify-content": "start",
2020-12-30T20:14:46.7344305Z             },
2020-12-30T20:14:46.7344848Z     -       "value": "2.08%",
2020-12-30T20:14:46.7345249Z     +       "value": "1.22%",
2020-12-30T20:14:46.7345767Z           },
2020-12-30T20:14:46.7346096Z           Object {
2020-12-30T20:14:46.7346719Z     -       "key": "CTR-0.012164216928535226",
2020-12-30T20:14:46.7347388Z     +       "key": "CTR-0.02079894354572466",
2020-12-30T20:14:46.7347815Z             "label": "CTR",
2020-12-30T20:14:46.7348230Z             "styles": Object {
2020-12-30T20:14:46.7348897Z               "justify-content": "start",
2020-12-30T20:14:46.7349325Z             },
2020-12-30T20:14:46.7349850Z     -       "value": "1.22%",
2020-12-30T20:14:46.7350499Z     +       "value": "2.08%",
2020-12-30T20:14:46.7350825Z           },
2020-12-30T20:14:46.7351139Z         ],
2020-12-30T20:14:46.7351470Z         Array [
2020-12-30T20:14:46.7351813Z           Object {
2020-12-30T20:14:46.7352668Z     -       "key": "Impressions-3029",
2020-12-30T20:14:46.7353433Z     +       "key": "Impressions-1973",
2020-12-30T20:14:46.7353961Z             "label": "Impressions",
2020-12-30T20:14:46.7354402Z             "styles": Object {
2020-12-30T20:14:46.7355073Z               "justify-content": "start",
2020-12-30T20:14:46.7355510Z             },
2020-12-30T20:14:46.7356016Z     -       "value": "3029",
2020-12-30T20:14:46.7356402Z     +       "value": "1973",
2020-12-30T20:14:46.7356744Z           },
2020-12-30T20:14:46.7357071Z           Object {
2020-12-30T20:14:46.7357710Z     -       "key": "Impressions-1973",
2020-12-30T20:14:46.7358571Z     +       "key": "Impressions-3029",
2020-12-30T20:14:46.7359105Z             "label": "Impressions",
2020-12-30T20:14:46.7359572Z             "styles": Object {
2020-12-30T20:14:46.7360267Z               "justify-content": "start",
2020-12-30T20:14:46.7360685Z             },
2020-12-30T20:14:46.7361211Z     -       "value": "1973",
2020-12-30T20:14:46.7361597Z     +       "value": "3029",
2020-12-30T20:14:46.7361940Z           },
2020-12-30T20:14:46.7362233Z         ],
2020-12-30T20:14:46.7362562Z         Array [
2020-12-30T20:14:46.7362914Z           Object {
2020-12-30T20:14:46.7363479Z     -       "key": "Clicks-63",
2020-12-30T20:14:46.7364074Z     +       "key": "Clicks-24",
2020-12-30T20:14:46.7364648Z             "label": "Clicks",
2020-12-30T20:14:46.7365047Z             "styles": Object {
2020-12-30T20:14:46.7365694Z               "justify-content": "start",
2020-12-30T20:14:46.7366115Z             },
2020-12-30T20:14:46.7366599Z     -       "value": "63",
2020-12-30T20:14:46.7366979Z     +       "value": "24",
2020-12-30T20:14:46.7367309Z           },
2020-12-30T20:14:46.7367623Z           Object {
2020-12-30T20:14:46.7369904Z     -       "key": "Clicks-24",
2020-12-30T20:14:46.7370547Z     +       "key": "Clicks-63",
2020-12-30T20:14:46.7370994Z             "label": "Clicks",
2020-12-30T20:14:46.7371536Z             "styles": Object {
2020-12-30T20:14:46.7372243Z               "justify-content": "start",
2020-12-30T20:14:46.7373018Z             },
2020-12-30T20:14:46.7373502Z     -       "value": "24",
2020-12-30T20:14:46.7373876Z     +       "value": "63",
2020-12-30T20:14:46.7374207Z           },
2020-12-30T20:14:46.7374498Z         ],
2020-12-30T20:14:46.7374795Z       ]
2020-12-30T20:14:46.7375177Z 
2020-12-30T20:14:46.7376070Z       50 |                 currencyCode, metric, originalAdMetrics, otherAdsMetrics, result,
2020-12-30T20:14:46.7376933Z       51 |             }))
2020-12-30T20:14:46.7377818Z     > 52 |                 .toEqual(adsExperimentComparisonDataMock);
2020-12-30T20:14:46.7378660Z          |                  ^
2020-12-30T20:14:46.7378987Z       53 |         });
2020-12-30T20:14:46.7379312Z       54 | 
2020-12-30T20:14:46.7380183Z       55 |         it('Should return comparison data correctly when has inconclusive ads', () => {
2020-12-30T20:14:46.7380650Z 
2020-12-30T20:14:46.7381519Z       at Object.<anonymous> (__tests__/screens/workflow/automatic_card/ads_experiments/AdsExperimentsUtils.test.js:52:18)
2020-12-30T20:14:46.7382223Z 
2020-12-30T20:14:46.7383513Z   ● AdsExperiments Utils › getAdsExperimentComparisonData › Should return comparison data correctly when has inconclusive ads
2020-12-30T20:14:46.7384346Z 
2020-12-30T20:14:46.7384872Z     expect(received).toEqual(expected) // deep equality
2020-12-30T20:14:46.7385270Z 
2020-12-30T20:14:46.7385764Z     - Expected
2020-12-30T20:14:46.7386151Z     + Received
2020-12-30T20:14:46.7386392Z 
2020-12-30T20:14:46.7386696Z       Array [
2020-12-30T20:14:46.7387038Z         Array [
2020-12-30T20:14:46.7387393Z           Object {
2020-12-30T20:14:46.7388031Z     -       "key": "To Keep-Original",
2020-12-30T20:14:46.7388744Z     +       "key": "To Keep-Variant(s)",
2020-12-30T20:14:46.7389407Z             "label": "To Keep",
2020-12-30T20:14:46.7389872Z             "labelStyles": Object {
2020-12-30T20:14:46.7390320Z               "color": "#FFFFFF",
2020-12-30T20:14:46.7390681Z             },
2020-12-30T20:14:46.7391063Z             "styles": Object {
2020-12-30T20:14:46.7391543Z               "backgroundColor": "#7BB99A",
2020-12-30T20:14:46.7392294Z               "justify-content": "start",
2020-12-30T20:14:46.7393406Z             },
2020-12-30T20:14:46.7394121Z     -       "value": "Original",
2020-12-30T20:14:46.7394582Z     +       "value": "Variant(s)",
2020-12-30T20:14:46.7395159Z             "valueStyles": Object {
2020-12-30T20:14:46.7395609Z               "color": "#FFFFFF",
2020-12-30T20:14:46.7396176Z             },
2020-12-30T20:14:46.7396501Z           },
2020-12-30T20:14:46.7396851Z           Object {
2020-12-30T20:14:46.7397633Z     -       "key": "To Pause-Variant(s)",
2020-12-30T20:14:46.7398409Z     +       "key": "To Pause-Original",
2020-12-30T20:14:46.7399317Z             "label": "To Pause",
2020-12-30T20:14:46.7399973Z             "labelStyles": Object {
2020-12-30T20:14:46.7400671Z               "color": "#FFFFFF",
2020-12-30T20:14:46.7401072Z             },
2020-12-30T20:14:46.7401472Z             "styles": Object {
2020-12-30T20:14:46.7402513Z               "backgroundColor": "#8095D6",
2020-12-30T20:14:46.7403590Z               "justify-content": "start",
2020-12-30T20:14:46.7404007Z             },
2020-12-30T20:14:46.7405177Z     -       "value": "Variant(s)",
2020-12-30T20:14:46.7406160Z     +       "value": "Original",
2020-12-30T20:14:46.7406710Z             "valueStyles": Object {
2020-12-30T20:14:46.7407260Z               "color": "#FFFFFF",
2020-12-30T20:14:46.7407689Z             },
2020-12-30T20:14:46.7408061Z           },
2020-12-30T20:14:46.7408409Z         ],
2020-12-30T20:14:46.7408793Z         Array [
2020-12-30T20:14:46.7409488Z           Object {
2020-12-30T20:14:46.7410995Z     -       "key": "CTR-0.02079894354572466",
2020-12-30T20:14:46.7412158Z     +       "key": "CTR-0.012164216928535226",
2020-12-30T20:14:46.7412809Z             "label": "CTR",
2020-12-30T20:14:46.7413421Z             "styles": Object {
2020-12-30T20:14:46.7414625Z               "justify-content": "start",
2020-12-30T20:14:46.7415132Z             },
2020-12-30T20:14:46.7415724Z     -       "value": "2.08%",
2020-12-30T20:14:46.7416181Z     +       "value": "1.22%",
2020-12-30T20:14:46.7416635Z           },
2020-12-30T20:14:46.7417020Z           Object {
2020-12-30T20:14:46.7417765Z     -       "key": "CTR-0.012164216928535226",
2020-12-30T20:14:46.7418580Z     +       "key": "CTR-0.02079894354572466",
2020-12-30T20:14:46.7419264Z             "label": "CTR",
2020-12-30T20:14:46.7420080Z             "styles": Object {
2020-12-30T20:14:46.7421113Z               "justify-content": "start",
2020-12-30T20:14:46.7421621Z             },
2020-12-30T20:14:46.7422223Z     -       "value": "1.22%",
2020-12-30T20:14:46.7422681Z     +       "value": "2.08%",
2020-12-30T20:14:46.7423103Z           },
2020-12-30T20:14:46.7423456Z         ],
2020-12-30T20:14:46.7423840Z         Array [
2020-12-30T20:14:46.7424422Z           Object {
2020-12-30T20:14:46.7425532Z     -       "key": "Impressions-3029",
2020-12-30T20:14:46.7426271Z     +       "key": "Impressions-1973",
2020-12-30T20:14:46.7426811Z             "label": "Impressions",
2020-12-30T20:14:46.7427268Z             "styles": Object {
2020-12-30T20:14:46.7428031Z               "justify-content": "start",
2020-12-30T20:14:46.7428479Z             },
2020-12-30T20:14:46.7429008Z     -       "value": "3029",
2020-12-30T20:14:46.7429487Z     +       "value": "1973",
2020-12-30T20:14:46.7429933Z           },
2020-12-30T20:14:46.7430281Z           Object {
2020-12-30T20:14:46.7430925Z     -       "key": "Impressions-1973",
2020-12-30T20:14:46.7431832Z     +       "key": "Impressions-3029",
2020-12-30T20:14:46.7433047Z             "label": "Impressions",
2020-12-30T20:14:46.7433750Z             "styles": Object {
2020-12-30T20:14:46.7434902Z               "justify-content": "start",
2020-12-30T20:14:46.7435410Z             },
2020-12-30T20:14:46.7436006Z     -       "value": "1973",
2020-12-30T20:14:46.7436467Z     +       "value": "3029",
2020-12-30T20:14:46.7437019Z           },
2020-12-30T20:14:46.7437777Z         ],
2020-12-30T20:14:46.7438308Z         Array [
2020-12-30T20:14:46.7438855Z           Object {
2020-12-30T20:14:46.7439645Z     -       "key": "Clicks-63",
2020-12-30T20:14:46.7440529Z     +       "key": "Clicks-24",
2020-12-30T20:14:46.7441795Z             "label": "Clicks",
2020-12-30T20:14:46.7442478Z             "styles": Object {
2020-12-30T20:14:46.7443962Z               "justify-content": "start",
2020-12-30T20:14:46.7444435Z             },
2020-12-30T20:14:46.7445854Z     -       "value": "63",
2020-12-30T20:14:46.7446804Z     +       "value": "24",
2020-12-30T20:14:46.7447192Z           },
2020-12-30T20:14:46.7447725Z           Object {
2020-12-30T20:14:46.7448412Z     -       "key": "Clicks-24",
2020-12-30T20:14:46.7449435Z     +       "key": "Clicks-63",
2020-12-30T20:14:46.7449995Z             "label": "Clicks",
2020-12-30T20:14:46.7450631Z             "styles": Object {
2020-12-30T20:14:46.7451365Z               "justify-content": "start",
2020-12-30T20:14:46.7451901Z             },
2020-12-30T20:14:46.7452509Z     -       "value": "24",
2020-12-30T20:14:46.7452937Z     +       "value": "63",
2020-12-30T20:14:46.7453312Z           },
2020-12-30T20:14:46.7453652Z         ],
2020-12-30T20:14:46.7453969Z       ]
2020-12-30T20:14:46.7454239Z 
2020-12-30T20:14:46.7455014Z       64 |                 currencyCode, metric, originalAdMetrics, otherAdsMetrics, result,
2020-12-30T20:14:46.7455735Z       65 |             }))
2020-12-30T20:14:46.7456740Z     > 66 |                 .toEqual(inconclusiveAdsExperimentComparisonDataMock);
2020-12-30T20:14:46.7457699Z          |                  ^
2020-12-30T20:14:46.7458084Z       67 |         });
2020-12-30T20:14:46.7458430Z       68 |     });
2020-12-30T20:14:46.7458784Z       69 | });
2020-12-30T20:14:46.7459017Z 
2020-12-30T20:14:46.7459984Z       at Object.<anonymous> (__tests__/screens/workflow/automatic_card/ads_experiments/AdsExperimentsUtils.test.js:66:18)
2020-12-30T20:14:46.7460738Z 
2020-12-30T20:14:47.3806903Z PASS domain/dashboard/conversion-types/conversion-types.utils.test.js
2020-12-30T20:14:48.2779275Z PASS domain/platform/platform-selector/platform-selector.test.tsx
2020-12-30T20:14:48.8250729Z PASS domain/_screens/workflow/manual-card/timer/useTimer.test.js
2020-12-30T20:14:49.8708735Z PASS __tests__/screens/workflow/manual_card/components/TimerFeed.test.js
2020-12-30T20:14:50.7408832Z PASS __tests__/screens/workflow/automatic_card/add_new_keyword/AddNewNegativeKeywordDoingOrDoneContent.test.js
2020-12-30T20:14:51.5530113Z PASS domain/navigation/floating-menu/floating-action-menu.test.js
2020-12-30T20:14:52.0057184Z PASS __tests__/redux/campaigns/actions/campaign_actions.test.js
2020-12-30T20:14:52.7079932Z PASS domain/_screens/workflow/automatic-card/bad-performance-site-placement/bad-performance-site-placement.test.tsx
2020-12-30T20:14:53.4343362Z PASS domain/billing/stripe/stripe-customer/stripe-customer-state.test.ts
2020-12-30T20:14:54.0087941Z PASS domain/integrations/integration-strategies/default.test.tsx
2020-12-30T20:14:54.5830393Z PASS domain/integrations/integration-strategies/modal-strategy/templates/api-token.test.tsx
2020-12-30T20:14:55.6253249Z PASS domain/company/contacts/company-contacts-modal.test.js
2020-12-30T20:14:56.1514944Z PASS __tests__/components/data_display/lists/PersonsPickList.test.js
2020-12-30T20:14:56.7866771Z PASS __tests__/components/inputs/EditableValue.test.js
2020-12-30T20:14:57.7685130Z PASS domain/dashboard/segmented/segmented-container.test.js
2020-12-30T20:14:58.8382603Z PASS domain/account/linked-account/linked-accounts.test.js
2020-12-30T20:14:59.6984163Z PASS domain/_screens/workflow/card/components/send-card-to-done.test.js
2020-12-30T20:15:02.0480431Z PASS domain/workflow/filter/workflow-filters-component.test.tsx
2020-12-30T20:15:02.5464137Z PASS shared/redux/create-reducer.test.js
2020-12-30T20:15:03.2035426Z (node:3803) UnhandledPromiseRejectionWarning: Error: Actions must be plain objects. Use custom middleware for async actions.
2020-12-30T20:15:03.2039946Z (node:3803) UnhandledPromiseRejectionWarning: Unhandled promise rejection. This error originated either by throwing inside of an async function without a catch block, or by rejecting a promise which was not handled with .catch(). To terminate the node process on unhandled promise rejection, use the CLI flag `--unhandled-rejections=strict` (see https://nodejs.org/api/cli.html#cli_unhandled_rejections_mode). (rejection id: 126)
2020-12-30T20:15:03.2045783Z PASS domain/billing/stripe/payment-method/create-payment-method-modal.test.tsx
2020-12-30T20:15:03.7183515Z PASS domain/feature-toggle/feature-toggle.test.tsx
2020-12-30T20:15:04.4871599Z PASS domain/_screens/campaigns/google/local-campaigns-modal/local-campaigns-modal.test.js
2020-12-30T20:15:05.3264480Z PASS domain/_screens/workflow/manual-card/subtasks/subtask-item.test.js
2020-12-30T20:15:06.3334396Z PASS __tests__/screens/manage_settings/company_settings/CompanySettingsContainer.test.js
2020-12-30T20:15:07.1244111Z PASS __tests__/components/navigations/menu/MenuDesktop.test.js
2020-12-30T20:15:07.7069480Z PASS domain/billing/center/addon/addon-info.test.tsx
2020-12-30T20:15:08.1797432Z PASS __tests__/screens/workflow/automatic_card/smart_funnel/google/configuration/CampaignRanking.test.js
2020-12-30T20:15:08.7216566Z PASS domain/dashboard/hotspot/hot-spot-modal/hot-spot-modal.utils.test.js
2020-12-30T20:15:10.1470231Z PASS __tests__/screens/campaigns/CampaignComponent.test.js
2020-12-30T20:15:10.7284066Z PASS domain/billing/center/info/billing-info-section.test.tsx
2020-12-30T20:15:11.5626764Z PASS domain/account/linked-account/linked-accounts-item-options.test.js
2020-12-30T20:15:12.3332191Z PASS domain/_screens/workflow/automatic-card/ad-creation/ad-creation-form.test.js
2020-12-30T20:15:13.8232153Z PASS domain/_screens/workflow/manual-card/due-date/due-date-state.test.js
2020-12-30T20:15:14.4428257Z PASS __tests__/screens/workflow/automatic_card/add_new_keyword/AddNewNegativeKeywordInboxContent.test.js
2020-12-30T20:15:14.9071877Z PASS shared/utils/errors.test.js
2020-12-30T20:15:15.3577687Z PASS domain/_screens/workflow/automatic-card/ads-in-excess/ads-in-excess-utils.test.js
2020-12-30T20:15:16.2279221Z PASS domain/auth/sign-in/sign-in.test.tsx
2020-12-30T20:15:16.7060259Z PASS __tests__/screens/campaigns/facebook/with-facebook-ad-sets.test.js
2020-12-30T20:15:17.2055038Z PASS __tests__/components/modals/ModalHeader.test.js
2020-12-30T20:15:18.2809113Z PASS domain/auth/auth.test.js
2020-12-30T20:15:18.7434710Z PASS domain/_screens/overview/estimation/estimate-box-utils.test.js
2020-12-30T20:15:19.3119076Z PASS domain/goals/goals-history/goals-history.test.js
2020-12-30T20:15:19.9097941Z PASS domain/auth/check-sign-up-data/update-sign-up-data/update-sign-up-data.validation.test.ts
2020-12-30T20:15:20.4412363Z PASS __tests__/screens/overview/comparative/components/ComparativeWeekday.test.js
2020-12-30T20:15:20.8999442Z PASS __tests__/screens/workflow/automatic_card/smart_funnel/adjust/utils.test.js
2020-12-30T20:15:21.4483121Z PASS domain/dashboard/hotspot/hot-spot-component.test.js
2020-12-30T20:15:22.2138369Z PASS domain/analytics/intercom/intercom-script-middleware.test.js
2020-12-30T20:15:22.9873181Z PASS domain/dashboard/hotspot/hot-spot-modal/hot-spot-modal.test.js
2020-12-30T20:15:23.5511179Z PASS __tests__/screens/workflow/card/components/CardTitle.test.js
2020-12-30T20:15:24.4757470Z PASS domain/_screens/campaigns/google/local-campaigns-modal/local-campaigns-modal-container.test.js
2020-12-30T20:15:25.5997909Z PASS domain/_screens/workflow/automatic-card/budget-modifier/budget-modifier.test.tsx
2020-12-30T20:15:26.4395814Z PASS __tests__/hocs/modal/RenderFooterByProvider.test.js
2020-12-30T20:15:27.1698112Z PASS domain/billing/details/billing-details-ibge.test.tsx
2020-12-30T20:15:27.8457754Z PASS domain/_screens/workflow/automatic-card/ads-over-days/ads-over-days.test.tsx
2020-12-30T20:15:29.4166250Z PASS __tests__/components/data_display/charts/Charts.test.js
2020-12-30T20:15:29.9361403Z PASS shared/utils/smartBudgetConfigurationUtils.test.js
2020-12-30T20:15:30.4186163Z PASS __tests__/screens/workflow/automatic_card/smart_funnel/google/configuration/BudgetAllocationAlert.test.js
2020-12-30T20:15:30.9316208Z PASS domain/cards/card-modal/card-modal-error-boundary.test.tsx
2020-12-30T20:15:31.3540204Z PASS __tests__/redux/campaigns/reducers/generic_campaign_reducer.test.js
2020-12-30T20:15:31.8366670Z PASS __tests__/hocs/withAdsMetrics.test.js
2020-12-30T20:15:32.4291843Z PASS __tests__/screens/workflow/automatic_card/add_new_keyword/AddNewKeywordInboxContent.test.js
2020-12-30T20:15:32.8860462Z PASS __tests__/utils/manualCardModal.utils.test.js
2020-12-30T20:15:33.3797461Z PASS domain/billing/ibge/ibge.state.test.ts
2020-12-30T20:15:33.8292887Z PASS domain/_screens/workflow/manual-card/subtasks/subtasks.utils.test.js
2020-12-30T20:15:34.2950942Z PASS domain/analytics/product/handlers/workflow.test.ts
2020-12-30T20:15:34.7807762Z PASS shared/components/modals/FacebookAdModal/FacebookAdForm.utils.test.js
2020-12-30T20:15:35.2699377Z PASS __tests__/components/navigations/menu/side_menu/SideMenu.test.js
2020-12-30T20:15:36.1391057Z PASS __tests__/screens/overview/conversion_selector/ConversionSelectorContainer.test.js
2020-12-30T20:15:36.6110105Z PASS domain/dashboard/segmented/segmented-container.utils.test.js
2020-12-30T20:15:37.0725482Z PASS domain/billing/coupon/coupon.utils.test.ts
2020-12-30T20:15:37.5848174Z PASS domain/dashboard/segmented/metrics-report/metrics-report.state.test.ts
2020-12-30T20:15:38.2311920Z PASS shared/components/modals/components/CampaignFooter.test.js
2020-12-30T20:15:38.8874779Z PASS domain/_screens/workflow/automatic-card/display-fraud-finder/display-fraud-finder.test.tsx
2020-12-30T20:15:39.3751670Z PASS domain/logged-user/logged-user.state.test.js
2020-12-30T20:15:39.9692619Z PASS domain/billing/center/addon/addons-section.test.tsx
2020-12-30T20:15:40.8831549Z PASS __tests__/components/inputs/budget-field.test.js
2020-12-30T20:15:41.3636356Z PASS domain/integrations/woocommerce-integration/woocommerce.state.test.ts
2020-12-30T20:15:41.8653680Z PASS domain/navigation/interactive-header/economy-savings/economy-savings.test.js
2020-12-30T20:15:42.3362449Z PASS domain/_screens/workflow/manual-card/tag/tag.test.tsx
2020-12-30T20:15:43.1241852Z PASS domain/_screens/workflow/automatic-card/limited-campaigns-rank/limited-campaigns-rank.test.tsx
2020-12-30T20:15:44.9243644Z PASS domain/platform/platform-selector/platform-selector-component.test.tsx
2020-12-30T20:15:45.8548160Z PASS domain/_screens/workflow/automatic-card/bid-strategy-modifier/bid-strategy-modifier.test.tsx
2020-12-30T20:15:46.6438709Z PASS domain/_screens/workflow/automatic-card/limited-campaign-budget/limited-campaign-budget.test.tsx
2020-12-30T20:15:47.2221576Z PASS __tests__/components/modals/DeleteModal.test.js
2020-12-30T20:15:48.0603257Z (node:3803) UnhandledPromiseRejectionWarning: TypeError: Cannot read property 'paymentMethod' of undefined
2020-12-30T20:15:48.0607834Z (node:3803) UnhandledPromiseRejectionWarning: Unhandled promise rejection. This error originated either by throwing inside of an async function without a catch block, or by rejecting a promise which was not handled with .catch(). To terminate the node process on unhandled promise rejection, use the CLI flag `--unhandled-rejections=strict` (see https://nodejs.org/api/cli.html#cli_unhandled_rejections_mode). (rejection id: 128)
2020-12-30T20:15:48.0611786Z PASS domain/billing/stripe/create-card-form/create-card-form.test.tsx
2020-12-30T20:15:48.5135614Z PASS __tests__/components/inputs/selects/styles/menu.test.js
2020-12-30T20:15:49.1522391Z PASS __tests__/screens/manage_settings/delete_client/DeleteClient.test.js
2020-12-30T20:15:49.5986165Z PASS shared/api/api.utils.test.js
2020-12-30T20:15:50.2110721Z PASS __tests__/components/modals/ConfirmationModal.test.js
2020-12-30T20:15:50.9949232Z PASS domain/_screens/workflow/automatic-card/ads-in-excess/ads-in-excess.test.js
2020-12-30T20:15:51.4428349Z PASS shared/utils/file/file.test.js
2020-12-30T20:15:52.0273704Z PASS shared/components/modals/headers/modal-header/modal-header.test.tsx
2020-12-30T20:15:53.1824307Z PASS domain/_screens/workflow/manual-card/subtasks/SubTasksFeed.test.js
2020-12-30T20:15:53.7042335Z PASS __tests__/components/inputs/selects/CreatableSelect.test.js
2020-12-30T20:15:54.6868352Z FAIL __tests__/screens/workflow/automatic_card/ads_experiments/AdsExperimentsInboxContent.test.js
2020-12-30T20:15:54.6870837Z   ● AdsExperimentsInboxContent › Should render properly and match snapshot
2020-12-30T20:15:54.6871899Z 
2020-12-30T20:15:54.6874869Z     expect(received).toMatchSnapshot()
2020-12-30T20:15:54.6875326Z 
2020-12-30T20:15:54.6877203Z     Snapshot name: `AdsExperimentsInboxContent Should render properly and match snapshot 1`
2020-12-30T20:15:54.6878084Z 
2020-12-30T20:15:54.6879688Z     - Snapshot
2020-12-30T20:15:54.6880323Z     + Received
2020-12-30T20:15:54.6880575Z 
2020-12-30T20:15:54.6881089Z     @@ -129,11 +129,11 @@
2020-12-30T20:15:54.6882321Z                     class="VerticalTable__VerticalTableRowWrapper-sc-16sp7ng-2 gzdxYP"
2020-12-30T20:15:54.6883110Z                   >
2020-12-30T20:15:54.6883448Z                     <span
2020-12-30T20:15:54.6884389Z                       class="VerticalTable__RowCenterContent-sc-16sp7ng-3 fEfhlg"
2020-12-30T20:15:54.6885068Z                     >
2020-12-30T20:15:54.6885569Z     -                 2.08%
2020-12-30T20:15:54.6886090Z     +                 1.22%
2020-12-30T20:15:54.6886456Z                     </span>
2020-12-30T20:15:54.6886830Z                     <span
2020-12-30T20:15:54.6887757Z                       class="VerticalTable__RowRightContent-sc-16sp7ng-4 hcQeaN"
2020-12-30T20:15:54.6888593Z                     >
2020-12-30T20:15:54.6888949Z                       CTR
2020-12-30T20:15:54.6889443Z     @@ -148,11 +148,11 @@
2020-12-30T20:15:54.6890491Z                     class="VerticalTable__VerticalTableRowWrapper-sc-16sp7ng-2 gzdxYP"
2020-12-30T20:15:54.6891279Z                   >
2020-12-30T20:15:54.6891632Z                     <span
2020-12-30T20:15:54.6892554Z                       class="VerticalTable__RowCenterContent-sc-16sp7ng-3 fEfhlg"
2020-12-30T20:15:54.6893231Z                     >
2020-12-30T20:15:54.6893720Z     -                 1.22%
2020-12-30T20:15:54.6894056Z     +                 2.08%
2020-12-30T20:15:54.6894409Z                     </span>
2020-12-30T20:15:54.6894773Z                     <span
2020-12-30T20:15:54.6895671Z                       class="VerticalTable__RowRightContent-sc-16sp7ng-4 hcQeaN"
2020-12-30T20:15:54.6896542Z                     >
2020-12-30T20:15:54.6896908Z                       CTR
2020-12-30T20:15:54.6897421Z     @@ -171,11 +171,11 @@
2020-12-30T20:15:54.6898672Z                     class="VerticalTable__VerticalTableRowWrapper-sc-16sp7ng-2 gzdxYP"
2020-12-30T20:15:54.6899663Z                   >
2020-12-30T20:15:54.6900013Z                     <span
2020-12-30T20:15:54.6909545Z                       class="VerticalTable__RowCenterContent-sc-16sp7ng-3 fEfhlg"
2020-12-30T20:15:54.6910604Z                     >
2020-12-30T20:15:54.6911927Z     -                 3029
2020-12-30T20:15:54.6913658Z     +                 1973
2020-12-30T20:15:54.6914133Z                     </span>
2020-12-30T20:15:54.6914492Z                     <span
2020-12-30T20:15:54.6915820Z                       class="VerticalTable__RowRightContent-sc-16sp7ng-4 hcQeaN"
2020-12-30T20:15:54.6916483Z                     >
2020-12-30T20:15:54.6916867Z                       Impressions
2020-12-30T20:15:54.6917417Z     @@ -190,11 +190,11 @@
2020-12-30T20:15:54.6918436Z                     class="VerticalTable__VerticalTableRowWrapper-sc-16sp7ng-2 gzdxYP"
2020-12-30T20:15:54.6919374Z                   >
2020-12-30T20:15:54.6919706Z                     <span
2020-12-30T20:15:54.6920595Z                       class="VerticalTable__RowCenterContent-sc-16sp7ng-3 fEfhlg"
2020-12-30T20:15:54.6921406Z                     >
2020-12-30T20:15:54.6921903Z     -                 1973
2020-12-30T20:15:54.6922218Z     +                 3029
2020-12-30T20:15:54.6922562Z                     </span>
2020-12-30T20:15:54.6922908Z                     <span
2020-12-30T20:15:54.6923759Z                       class="VerticalTable__RowRightContent-sc-16sp7ng-4 hcQeaN"
2020-12-30T20:15:54.6924387Z                     >
2020-12-30T20:15:54.6924762Z                       Impressions
2020-12-30T20:15:54.6925260Z     @@ -213,11 +213,11 @@
2020-12-30T20:15:54.6926620Z                     class="VerticalTable__VerticalTableRowWrapper-sc-16sp7ng-2 gzdxYP"
2020-12-30T20:15:54.6933317Z                   >
2020-12-30T20:15:54.6933678Z                     <span
2020-12-30T20:15:54.6934921Z                       class="VerticalTable__RowCenterContent-sc-16sp7ng-3 fEfhlg"
2020-12-30T20:15:54.6935625Z                     >
2020-12-30T20:15:54.6936347Z     -                 63
2020-12-30T20:15:54.6936708Z     +                 24
2020-12-30T20:15:54.6937066Z                     </span>
2020-12-30T20:15:54.6937434Z                     <span
2020-12-30T20:15:54.6938358Z                       class="VerticalTable__RowRightContent-sc-16sp7ng-4 hcQeaN"
2020-12-30T20:15:54.6939340Z                     >
2020-12-30T20:15:54.6939683Z                       Clicks
2020-12-30T20:15:54.6940158Z     @@ -232,11 +232,11 @@
2020-12-30T20:15:54.6941676Z                     class="VerticalTable__VerticalTableRowWrapper-sc-16sp7ng-2 gzdxYP"
2020-12-30T20:15:54.6943700Z                   >
2020-12-30T20:15:54.6944155Z                     <span
2020-12-30T20:15:54.6945547Z                       class="VerticalTable__RowCenterContent-sc-16sp7ng-3 fEfhlg"
2020-12-30T20:15:54.6946567Z                     >
2020-12-30T20:15:54.6947163Z     -                 24
2020-12-30T20:15:54.6948060Z     +                 63
2020-12-30T20:15:54.6948790Z                     </span>
2020-12-30T20:15:54.6949400Z                     <span
2020-12-30T20:15:54.6950318Z                       class="VerticalTable__RowRightContent-sc-16sp7ng-4 hcQeaN"
2020-12-30T20:15:54.6951132Z                     >
2020-12-30T20:15:54.6951484Z                       Clicks
2020-12-30T20:15:54.6952153Z 
2020-12-30T20:15:54.6952449Z       32 |         );
2020-12-30T20:15:54.6952893Z       33 | 
2020-12-30T20:15:54.6953391Z     > 34 |         expect(container).toMatchSnapshot();
2020-12-30T20:15:54.6953867Z          |                           ^
2020-12-30T20:15:54.6954192Z       35 |     });
2020-12-30T20:15:54.6954503Z       36 | });
2020-12-30T20:15:54.6954789Z       37 | 
2020-12-30T20:15:54.6954990Z 
2020-12-30T20:15:54.6955921Z       at Object.<anonymous> (__tests__/screens/workflow/automatic_card/ads_experiments/AdsExperimentsInboxContent.test.js:34:27)
2020-12-30T20:15:54.6956681Z 
2020-12-30T20:15:54.6957285Z  › 1 snapshot failed.
2020-12-30T20:15:55.4460252Z PASS shared/components/modals/goal-modal/goal-modal-form.test.js
2020-12-30T20:15:55.9703695Z PASS domain/pricing/subdomain/subdomain.test.tsx
2020-12-30T20:15:56.4594522Z PASS domain/navigation/interactive-header/interactive-header.api.test.js
2020-12-30T20:15:56.9286856Z PASS __tests__/components/layouts/RoundedSquareWithLabel.test.js
2020-12-30T20:15:57.3579603Z PASS domain/integrations/loja-integrada-integration/loja-integrada.state.test.ts
2020-12-30T20:15:58.0098773Z PASS __tests__/components/inputs/date/RangeDatePickerWithArrow.test.js
2020-12-30T20:15:58.7252631Z PASS domain/settings/translation-selector/translation-selector.test.tsx
2020-12-30T20:15:59.3694986Z PASS __tests__/screens/overview/segmented/hotspot/create/segmented-hot-spot-form.test.js
2020-12-30T20:16:00.8699601Z PASS __tests__/utils/bi-insights.test.js
2020-12-30T20:16:02.0269737Z PASS __tests__/screens/campaigns/facebook/carousel/CarouselIconAndPageName.test.js
2020-12-30T20:16:02.4598448Z PASS __tests__/redux/campaigns/reducers/modal_reducer.test.js
2020-12-30T20:16:02.9774324Z PASS packages/pareto-style/checkbox-with-label/CheckboxWithLabel.test.js
2020-12-30T20:16:03.4218421Z PASS domain/integrations/pipedrive-integration/pipedrive.state.test.ts
2020-12-30T20:16:03.8837108Z PASS __tests__/hooks/useFeedItem.test.js
2020-12-30T20:16:04.3490318Z PASS __tests__/utils/array.test.js
2020-12-30T20:16:04.8210395Z PASS __tests__/components/inputs/Inputs.test.js
2020-12-30T20:16:05.4279434Z PASS domain/auth/create-profile/create-profile-state.test.tsx
2020-12-30T20:16:05.9522786Z PASS __tests__/screens/overview/comparative/components/ComparativeGraphHeader.test.js
2020-12-30T20:16:06.4867422Z PASS __tests__/screens/workflow/manual_card/components/ManualModalTitle.test.js
2020-12-30T20:16:06.9523737Z PASS __tests__/components/layouts/LabeledWrapper.test.js
2020-12-30T20:16:09.2804323Z PASS __tests__/screens/keyword_monitor/monitor_table/KeywordMonitorTableComponent.test.js
2020-12-30T20:16:09.8303429Z PASS domain/_screens/overview/campaign-table/components/campaign_table_status_switch.test.js
2020-12-30T20:16:11.3699163Z PASS __tests__/signup/components/success-page/PaymentSuccessPage.test.js
2020-12-30T20:16:12.0164420Z PASS __tests__/components/navigations/menu/MenuMobile.test.js
2020-12-30T20:16:12.4852336Z PASS shared/hooks/screens/campaigns/useLauncherModal.test.js
2020-12-30T20:16:13.0214532Z PASS __tests__/components/data_display/tables/components/TablePagination.test.js
2020-12-30T20:16:13.4793245Z PASS __tests__/components/inputs/selects/setDefaultValue.test.js
2020-12-30T20:16:13.9708511Z PASS __tests__/components/inputs/selects/AsyncSelect.test.js
2020-12-30T20:16:14.6150002Z PASS domain/auth/splash-screen/splash-screen-container.test.tsx
2020-12-30T20:16:15.1885981Z PASS __tests__/screens/keyword_monitor/monitor_table/KeywordMonitorTableColumns.test.js
2020-12-30T20:16:15.6344628Z PASS __tests__/utils/card_history.utils.js
2020-12-30T20:16:16.5454562Z PASS domain/_screens/workflow/automatic-card/generic-automatic-card/generic-card-container.test.tsx
2020-12-30T20:16:17.4327867Z PASS domain/_screens/workflow/automatic-card/facebook-banner/FacebookBannerModalContainer.test.js
2020-12-30T20:16:18.3018031Z PASS domain/_screens/team/team.screen.test.tsx
2020-12-30T20:16:18.7707280Z PASS __tests__/hooks/campaigns/useLauncherModal.test.js
2020-12-30T20:16:19.2656403Z PASS __tests__/components/inputs/buttons/RoundedButtonWithArrow.test.js
2020-12-30T20:16:19.8122523Z PASS shared/components/inputs/selects/FacebookCarouselTextsButton.test.js
2020-12-30T20:16:20.2530293Z PASS __tests__/components/modals/generic_modal/ModalHeaderDescription.test.js
2020-12-30T20:16:20.7324018Z PASS shared/utils/video/videoMetadataValidation.test.js
2020-12-30T20:16:21.3489454Z PASS domain/_screens/workflow/automatic-card/brand-damage-alert/brand-damage.test.tsx
2020-12-30T20:16:21.9722082Z PASS shared/components/modals/discard-changes-modal/discard-changes-modal.test.js
2020-12-30T20:16:22.4886350Z PASS __tests__/components/inputs/selects/Select.test.js
2020-12-30T20:16:22.9367925Z PASS shared/api/users-settings-api.test.js
2020-12-30T20:16:23.4439618Z PASS domain/billing/stripe/behaviors/with-create-payment-method.test.tsx
2020-12-30T20:16:23.8989890Z PASS __tests__/components/data_display/tooltips/TooltipLight.test.js
2020-12-30T20:16:24.3567851Z PASS __tests__/screens/workflow/automatic_card/smart_funnel/adjust/CampaignGraphPerformance.test.js
2020-12-30T20:16:24.8074404Z PASS __tests__/screens/workflow/automatic_card/smart_funnel/adjust/SmartFunnelCampaignGraph.test.js
2020-12-30T20:16:25.9135303Z PASS __tests__/screens/workflow/automatic_card/smart_funnel/adjust/SmartFunnelSubtitle.test.js
2020-12-30T20:16:28.1263023Z PASS domain/billing/stripe/stripe-inputs/stripe-input.test.tsx
2020-12-30T20:16:28.6224976Z PASS __tests__/components/modals/FullScreenModal.test.js
2020-12-30T20:16:29.1538362Z PASS domain/navigation/interactive-header/account-info/account-info.test.js
2020-12-30T20:16:29.6822188Z PASS __tests__/screens/header/fullscreen/FullScreenContainer.test.js
2020-12-30T20:16:30.1039727Z PASS domain/platform/platform.utils.test.js
2020-12-30T20:16:30.6479539Z PASS domain/analytics/product/analytics.middleware.test.ts
2020-12-30T20:16:31.1201928Z PASS __tests__/components/navigations/menu/CommentsFeedMenu.test.js
2020-12-30T20:16:31.7211385Z PASS __tests__/screens/workflow/automatic_card/search_term/SearchTermCheckContainer.test.js
2020-12-30T20:16:32.1773395Z PASS __tests__/components/data_display/charts/GraphBarWithTexts.test.js
2020-12-30T20:16:32.6919059Z PASS __tests__/components/modals/FullScreenDeleteModal.test.js
2020-12-30T20:16:33.1343199Z PASS __tests__/components/navigations/SelectorMenu.test.js
2020-12-30T20:16:33.5901146Z PASS domain/_screens/header/header-selector/components/AccountOption.test.js
2020-12-30T20:16:34.2868454Z PASS __tests__/screens/manage_settings/create_client/CreateClient.test.js
2020-12-30T20:16:34.7926051Z PASS domain/billing/coupon/result/coupon-result.test.tsx
2020-12-30T20:16:35.2444937Z PASS packages/pareto-quantic-style/campaign-field/CampaignField.test.js
2020-12-30T20:16:36.5430776Z PASS __tests__/components/layouts/ImageWithLabel.test.js
2020-12-30T20:16:38.1196184Z PASS domain/_screens/workflow/automatic-card/ad-creation/ad-creation.test.js
2020-12-30T20:16:38.2124329Z PASS __tests__/screens/workflow/automatic_card/search_term/SearchTermSuggestionContainer.test.js
2020-12-30T20:16:38.6624769Z PASS __tests__/screens/overview/comparative/components/ComparativeGraph.test.js
2020-12-30T20:16:39.1135204Z PASS __tests__/components/data_display/charts/EstimateGaugeBar.test.js
2020-12-30T20:16:39.5958689Z PASS domain/cards/card-shareable-link/card-shareable-link.test.tsx
2020-12-30T20:16:40.0995487Z PASS domain/navigation/interactive-header/gamification-economies/gamification-economies.test.tsx
2020-12-30T20:16:41.0869323Z PASS domain/_screens/campaigns/CampaignsAndCreatives.screen.test.js
2020-12-30T20:16:41.5241393Z PASS domain/integrations/integrations-list/integrations-list.state.test.ts
2020-12-30T20:16:41.9980397Z PASS __tests__/hocs/withTooltipHover.test.js
2020-12-30T20:16:42.4243446Z PASS domain/analytics/product/handlers/sign-out.test.ts
2020-12-30T20:16:43.0181718Z PASS domain/_screens/workflow/automatic-card/one-click-insight/one-click-insight-modal.test.js
2020-12-30T20:16:43.5402014Z PASS __tests__/screens/manage_settings/create_client/CreateClientModalBody.test.js
2020-12-30T20:16:43.9888519Z PASS __tests__/features/comments/components/CommentsBar.test.js
2020-12-30T20:16:44.4487464Z PASS __tests__/features/comments/components/SingleComment.test.js
2020-12-30T20:16:45.2314694Z PASS __tests__/screens/workflow/manual_card/components/HistoryFeed.test.js
2020-12-30T20:16:45.6881256Z PASS domain/_screens/risk-analysis/utils.test.js
2020-12-30T20:16:46.1443687Z PASS domain/workflow/column/header/column-header.test.tsx
2020-12-30T20:16:46.9787837Z PASS __tests__/screens/user_settings/UserGlobalSettings.test.js
2020-12-30T20:16:47.6086016Z PASS domain/integrations/integrations.test.tsx
2020-12-30T20:16:48.1602203Z PASS domain/_screens/workflow/manual-card/tag/manual-modal-tags.test.js
2020-12-30T20:16:48.6682986Z PASS shared/components/navigations/drawer/drawer.test.js
2020-12-30T20:16:49.1127106Z PASS __tests__/components/modals/generic_modal/ModalHeaderBackground.test.js
2020-12-30T20:16:49.6220644Z PASS shared/utils/upload_assets.utils.test.js
2020-12-30T20:16:50.1760226Z PASS domain/billing/submit-button/submit-button.test.tsx
2020-12-30T20:16:51.6369576Z PASS __tests__/components/inputs/selects/ConversionsSelector.test.js
2020-12-30T20:16:52.4404014Z PASS __tests__/screens/keyword_monitor/comparative_row/KeywordMonitorComparativeRow.test.js
2020-12-30T20:16:53.4157145Z PASS __tests__/screens/keyword_monitor/keyword-monitor-container.test.js
2020-12-30T20:16:53.8311581Z PASS __tests__/utils/api.test.js
2020-12-30T20:16:54.2692165Z PASS __tests__/components/inputs/selects/setStyle.test.js
2020-12-30T20:16:54.7970826Z PASS domain/billing/coupon/coupon.test.tsx
2020-12-30T20:16:55.3206956Z PASS domain/_screens/workflow/manual-card/subtasks/subtask-progress.test.js
2020-12-30T20:16:55.7771331Z PASS domain/_screens/overview/estimation/estimate-box-component.test.js
2020-12-30T20:16:56.2434283Z PASS __tests__/components/modals/generic_modal/ModalHeader.test.js
2020-12-30T20:16:56.7386632Z PASS domain/workflow/filter/date-range/date-range-filter.test.tsx
2020-12-30T20:16:57.2391556Z PASS domain/navigation/interactive-header/account-info/account-info-metric.test.js
2020-12-30T20:16:57.6916137Z PASS __tests__/components/feedbacks/messages_&_errors/ToastNotification.test.js
2020-12-30T20:16:58.1476952Z PASS shared/components/tooltips/segmented-tooltip/segmented-tooltip.test.js
2020-12-30T20:16:58.9130160Z PASS domain/_screens/workflow/automatic-card/bid-modifier/BidModifierModalContainer.test.js
2020-12-30T20:16:59.3565211Z PASS domain/_screens/header/header-selector/components/AccountSelectStyle.test.js
2020-12-30T20:16:59.8399718Z PASS __tests__/hooks/useCancelPromise.test.js
2020-12-30T20:17:00.3124763Z PASS __tests__/hooks/useDebouncing.test.js
2020-12-30T20:17:00.8376401Z PASS domain/dashboard/hotspot/hot-spot-container/hot-spot.utils.test.js
2020-12-30T20:17:01.4089343Z PASS domain/integrations/shopify-integration/shopify-integration.test.tsx
2020-12-30T20:17:01.9316918Z PASS __tests__/screens/workflow/automatic_card/ads_experiments/AdsExperimentsTable.test.js
2020-12-30T20:17:02.3785819Z PASS __tests__/utils/timer.utils.test.js
2020-12-30T20:17:02.8500896Z PASS __tests__/components/data_display/lists/DropdownTeam.test.js
2020-12-30T20:17:03.3246174Z PASS packages/pareto-quantic-style/status-indicator/StatusIndicator.test.js
2020-12-30T20:17:03.7780604Z PASS __tests__/components/inputs/selects/Menu.test.js
2020-12-30T20:17:04.2791073Z PASS domain/_screens/header/header-selector/components/AccountSingleValue.test.js
2020-12-30T20:17:05.0284361Z PASS __tests__/hocs/modal/renderByProvider.test.js
2020-12-30T20:17:05.5083246Z PASS __tests__/screens/sign_up/shared/TextComponents.test.js
2020-12-30T20:17:06.8194924Z PASS __tests__/components/data_display/charts/CategoryMetricBar.test.js
2020-12-30T20:17:08.1253742Z PASS domain/billing/details/billing-details.styles.test.tsx
2020-12-30T20:17:08.6105740Z PASS domain/billing/details/billing-details-show-form.test.tsx
2020-12-30T20:17:09.0877523Z PASS __tests__/components/icons/HeaderLogo.test.js
2020-12-30T20:17:09.5760602Z PASS __tests__/components/inputs/date/DateRange.test.js
2020-12-30T20:17:10.0522263Z PASS __tests__/screens/sign_up/shared/SignUpWrappers.test.js
2020-12-30T20:17:10.5469306Z PASS __tests__/components/navigations/HeaderUserImgDropdown.test.js
2020-12-30T20:17:11.2253862Z PASS domain/_screens/trial-expired/components/trial-expired.test.tsx
2020-12-30T20:17:11.6318357Z PASS __tests__/components/data_display/status/StatusWithLabel.test.js
2020-12-30T20:17:12.1218116Z PASS shared/components/inputs/sign-up-email-code.test.js
2020-12-30T20:17:12.6361879Z PASS domain/billing/order/order-modal/order-modal-logos.test.tsx
2020-12-30T20:17:13.0806906Z PASS __tests__/components/data_display/tooltips/EstimateBoxTooltip.test.js
2020-12-30T20:17:13.5715343Z PASS __tests__/signup/components/SignUpTermsModal.test.js
2020-12-30T20:17:14.0422073Z PASS __tests__/components/navigations/menu/DropdownHeaderMenu.test.js
2020-12-30T20:17:14.4892814Z PASS __tests__/components/data_display/tooltips/workflowModalTooltip.test.js
2020-12-30T20:17:14.9130496Z PASS __tests__/screens/sign_up/shared/ParetoLogo.test.js
2020-12-30T20:17:15.3604727Z PASS __tests__/components/navigations/menu/DropdownOptions.test.js
2020-12-30T20:17:16.6689855Z PASS __tests__/components/data_display/texts/EstimateBoxSubtitle.test.js
2020-12-30T20:17:18.3933881Z PASS __tests__/screens/header/ShortHeader.test.js
2020-12-30T20:17:18.8960725Z PASS domain/_screens/header/HeaderAnimation.test.js
2020-12-30T20:17:19.3459598Z PASS packages/pareto-style/tag/Tag.test.js
2020-12-30T20:17:19.8662988Z PASS __tests__/components/navigations/menu/Menu.test.js
2020-12-30T20:17:20.3071465Z PASS __tests__/screens/sign_up/shared/sharedStyles.test.js
2020-12-30T20:17:20.7782328Z PASS domain/_screens/header/header-selector/components/AccountMenuList.test.js
2020-12-30T20:17:20.8408972Z -------------------------------|----------|----------|----------|----------|-------------------|
2020-12-30T20:17:20.8410402Z File                           |  % Stmts | % Branch |  % Funcs |  % Lines | Uncovered Line #s |
2020-12-30T20:17:20.8411750Z -------------------------------|----------|----------|----------|----------|-------------------|
2020-12-30T20:17:20.8419736Z All files                      |    93.42 |    71.88 |    89.47 |    93.06 |                   |
2020-12-30T20:17:20.8420961Z  AdsExperimentsComparison.js   |      100 |      100 |      100 |      100 |                   |
2020-12-30T20:17:20.8422066Z  AdsExperimentsInboxContent.js |      100 |      100 |      100 |      100 |                   |
2020-12-30T20:17:20.8423082Z  AdsExperimentsTable.js        |      100 |      100 |      100 |      100 |                   |
2020-12-30T20:17:20.8424622Z  ads-experiments.utils.js      |    90.74 |    71.88 |    86.67 |       90 |   23,31,39,65,138 |
2020-12-30T20:17:20.8426058Z -------------------------------|----------|----------|----------|----------|-------------------|
2020-12-30T20:17:20.8755242Z 
2020-12-30T20:17:20.8759283Z Summary of all failing tests
2020-12-30T20:17:20.8770395Z FAIL __tests__/screens/workflow/automatic_card/ads_experiments/AdsExperimentsUtils.test.js
2020-12-30T20:17:20.8775807Z   ● AdsExperiments Utils › getAdsExperimentComparisonData › Should return comparison data correctly
2020-12-30T20:17:20.8777014Z 
2020-12-30T20:17:20.8778052Z     expect(received).toEqual(expected) // deep equality
2020-12-30T20:17:20.8778701Z 
2020-12-30T20:17:20.8779546Z     - Expected
2020-12-30T20:17:20.8780304Z     + Received
2020-12-30T20:17:20.8780795Z 
2020-12-30T20:17:20.8781604Z     @@ -31,58 +31,58 @@
2020-12-30T20:17:20.8782271Z             },
2020-12-30T20:17:20.8782836Z           },
2020-12-30T20:17:20.8783402Z         ],
2020-12-30T20:17:20.8784726Z         Array [
2020-12-30T20:17:20.8785337Z           Object {
2020-12-30T20:17:20.8786317Z     -       "key": "CTR-0.02079894354572466",
2020-12-30T20:17:20.8787319Z     +       "key": "CTR-0.012164216928535226",
2020-12-30T20:17:20.8787987Z             "label": "CTR",
2020-12-30T20:17:20.8788565Z             "styles": Object {
2020-12-30T20:17:20.8789511Z               "justify-content": "start",
2020-12-30T20:17:20.8790160Z             },
2020-12-30T20:17:20.8790898Z     -       "value": "2.08%",
2020-12-30T20:17:20.8791533Z     +       "value": "1.22%",
2020-12-30T20:17:20.8792049Z           },
2020-12-30T20:17:20.8792822Z           Object {
2020-12-30T20:17:20.8793777Z     -       "key": "CTR-0.012164216928535226",
2020-12-30T20:17:20.8794749Z     +       "key": "CTR-0.02079894354572466",
2020-12-30T20:17:20.8795451Z             "label": "CTR",
2020-12-30T20:17:20.8797139Z             "styles": Object {
2020-12-30T20:17:20.8800817Z               "justify-content": "start",
2020-12-30T20:17:20.8801502Z             },
2020-12-30T20:17:20.8802281Z     -       "value": "1.22%",
2020-12-30T20:17:20.8802918Z     +       "value": "2.08%",
2020-12-30T20:17:20.8803430Z           },
2020-12-30T20:17:20.8803932Z         ],
2020-12-30T20:17:20.8804443Z         Array [
2020-12-30T20:17:20.8804983Z           Object {
2020-12-30T20:17:20.8807020Z     -       "key": "Impressions-3029",
2020-12-30T20:17:20.8808537Z     +       "key": "Impressions-1973",
2020-12-30T20:17:20.8811238Z             "label": "Impressions",
2020-12-30T20:17:20.8812301Z             "styles": Object {
2020-12-30T20:17:20.8815605Z               "justify-content": "start",
2020-12-30T20:17:20.8816318Z             },
2020-12-30T20:17:20.8817247Z     -       "value": "3029",
2020-12-30T20:17:20.8817868Z     +       "value": "1973",
2020-12-30T20:17:20.8818381Z           },
2020-12-30T20:17:20.8818896Z           Object {
2020-12-30T20:17:20.8821061Z     -       "key": "Impressions-1973",
2020-12-30T20:17:20.8825584Z     +       "key": "Impressions-3029",
2020-12-30T20:17:20.8826530Z             "label": "Impressions",
2020-12-30T20:17:20.8828049Z             "styles": Object {
2020-12-30T20:17:20.8830722Z               "justify-content": "start",
2020-12-30T20:17:20.8831754Z             },
2020-12-30T20:17:20.8832929Z     -       "value": "1973",
2020-12-30T20:17:20.8833604Z     +       "value": "3029",
2020-12-30T20:17:20.8834120Z           },
2020-12-30T20:17:20.8834629Z         ],
2020-12-30T20:17:20.8838793Z         Array [
2020-12-30T20:17:20.8839187Z           Object {
2020-12-30T20:17:20.8847107Z     -       "key": "Clicks-63",
2020-12-30T20:17:20.8848557Z     +       "key": "Clicks-24",
2020-12-30T20:17:20.8849321Z             "label": "Clicks",
2020-12-30T20:17:20.8849919Z             "styles": Object {
2020-12-30T20:17:20.8850786Z               "justify-content": "start",
2020-12-30T20:17:20.8851424Z             },
2020-12-30T20:17:20.8852335Z     -       "value": "63",
2020-12-30T20:17:20.8852921Z     +       "value": "24",
2020-12-30T20:17:20.8854164Z           },
2020-12-30T20:17:20.8854937Z           Object {
2020-12-30T20:17:20.8855955Z     -       "key": "Clicks-24",
2020-12-30T20:17:20.8906129Z     +       "key": "Clicks-63",
2020-12-30T20:17:20.8906579Z             "label": "Clicks",
2020-12-30T20:17:20.8907005Z             "styles": Object {
2020-12-30T20:17:20.8907685Z               "justify-content": "start",
2020-12-30T20:17:20.8908095Z             },
2020-12-30T20:17:20.8908602Z     -       "value": "24",
2020-12-30T20:17:20.8908976Z     +       "value": "63",
2020-12-30T20:17:20.8909291Z           },
2020-12-30T20:17:20.8909595Z         ],
2020-12-30T20:17:20.8909892Z       ]
2020-12-30T20:17:20.8910095Z 
2020-12-30T20:17:20.8910764Z       50 |                 currencyCode, metric, originalAdMetrics, otherAdsMetrics, result,
2020-12-30T20:17:20.8911423Z       51 |             }))
2020-12-30T20:17:20.8912102Z     > 52 |                 .toEqual(adsExperimentComparisonDataMock);
2020-12-30T20:17:20.8913002Z          |                  ^
2020-12-30T20:17:20.8913328Z       53 |         });
2020-12-30T20:17:20.8913638Z       54 | 
2020-12-30T20:17:20.8914551Z       55 |         it('Should return comparison data correctly when has inconclusive ads', () => {
2020-12-30T20:17:20.8915005Z 
2020-12-30T20:17:20.8942849Z       at Object.<anonymous> (__tests__/screens/workflow/automatic_card/ads_experiments/AdsExperimentsUtils.test.js:52:18)
2020-12-30T20:17:20.8943566Z 
2020-12-30T20:17:20.8945034Z   ● AdsExperiments Utils › getAdsExperimentComparisonData › Should return comparison data correctly when has inconclusive ads
2020-12-30T20:17:20.9084350Z 
2020-12-30T20:17:20.9085199Z     expect(received).toEqual(expected) // deep equality
2020-12-30T20:17:20.9085795Z 
2020-12-30T20:17:20.9086452Z     - Expected
2020-12-30T20:17:20.9086905Z     + Received
2020-12-30T20:17:20.9087150Z 
2020-12-30T20:17:20.9087459Z       Array [
2020-12-30T20:17:20.9087804Z         Array [
2020-12-30T20:17:20.9088166Z           Object {
2020-12-30T20:17:20.9088959Z     -       "key": "To Keep-Original",
2020-12-30T20:17:20.9089662Z     +       "key": "To Keep-Variant(s)",
2020-12-30T20:17:20.9090169Z             "label": "To Keep",
2020-12-30T20:17:20.9090632Z             "labelStyles": Object {
2020-12-30T20:17:20.9091080Z               "color": "#FFFFFF",
2020-12-30T20:17:20.9091442Z             },
2020-12-30T20:17:20.9091821Z             "styles": Object {
2020-12-30T20:17:20.9092298Z               "backgroundColor": "#7BB99A",
2020-12-30T20:17:20.9093042Z               "justify-content": "start",
2020-12-30T20:17:20.9093475Z             },
2020-12-30T20:17:20.9094029Z     -       "value": "Original",
2020-12-30T20:17:20.9094465Z     +       "value": "Variant(s)",
2020-12-30T20:17:20.9095352Z             "valueStyles": Object {
2020-12-30T20:17:20.9095815Z               "color": "#FFFFFF",
2020-12-30T20:17:20.9096167Z             },
2020-12-30T20:17:20.9096482Z           },
2020-12-30T20:17:20.9096823Z           Object {
2020-12-30T20:17:20.9097453Z     -       "key": "To Pause-Variant(s)",
2020-12-30T20:17:20.9098301Z     +       "key": "To Pause-Original",
2020-12-30T20:17:20.9098980Z             "label": "To Pause",
2020-12-30T20:17:20.9099419Z             "labelStyles": Object {
2020-12-30T20:17:20.9099864Z               "color": "#FFFFFF",
2020-12-30T20:17:20.9100221Z             },
2020-12-30T20:17:20.9100592Z             "styles": Object {
2020-12-30T20:17:20.9101237Z               "backgroundColor": "#8095D6",
2020-12-30T20:17:20.9102365Z               "justify-content": "start",
2020-12-30T20:17:20.9103190Z             },
2020-12-30T20:17:20.9104816Z     -       "value": "Variant(s)",
2020-12-30T20:17:20.9105375Z     +       "value": "Original",
2020-12-30T20:17:20.9105930Z             "valueStyles": Object {
2020-12-30T20:17:20.9106458Z               "color": "#FFFFFF",
2020-12-30T20:17:20.9107035Z             },
2020-12-30T20:17:20.9107891Z           },
2020-12-30T20:17:20.9108187Z         ],
2020-12-30T20:17:20.9108517Z         Array [
2020-12-30T20:17:20.9109025Z           Object {
2020-12-30T20:17:20.9109701Z     -       "key": "CTR-0.02079894354572466",
2020-12-30T20:17:20.9114908Z     +       "key": "CTR-0.012164216928535226",
2020-12-30T20:17:20.9115477Z             "label": "CTR",
2020-12-30T20:17:20.9117324Z             "styles": Object {
2020-12-30T20:17:20.9118278Z               "justify-content": "start",
2020-12-30T20:17:20.9118793Z             },
2020-12-30T20:17:20.9119420Z     -       "value": "2.08%",
2020-12-30T20:17:20.9119867Z     +       "value": "1.22%",
2020-12-30T20:17:20.9120274Z           },
2020-12-30T20:17:20.9121857Z           Object {
2020-12-30T20:17:20.9122704Z     -       "key": "CTR-0.012164216928535226",
2020-12-30T20:17:20.9123496Z     +       "key": "CTR-0.02079894354572466",
2020-12-30T20:17:20.9124016Z             "label": "CTR",
2020-12-30T20:17:20.9124493Z             "styles": Object {
2020-12-30T20:17:20.9125475Z               "justify-content": "start",
2020-12-30T20:17:20.9126193Z             },
2020-12-30T20:17:20.9127066Z     -       "value": "1.22%",
2020-12-30T20:17:20.9127887Z     +       "value": "2.08%",
2020-12-30T20:17:20.9128284Z           },
2020-12-30T20:17:20.9128639Z         ],
2020-12-30T20:17:20.9128999Z         Array [
2020-12-30T20:17:20.9129408Z           Object {
2020-12-30T20:17:20.9130142Z     -       "key": "Impressions-3029",
2020-12-30T20:17:20.9131128Z     +       "key": "Impressions-1973",
2020-12-30T20:17:20.9193358Z             "label": "Impressions",
2020-12-30T20:17:20.9193933Z             "styles": Object {
2020-12-30T20:17:20.9194865Z               "justify-content": "start",
2020-12-30T20:17:20.9195338Z             },
2020-12-30T20:17:20.9195905Z     -       "value": "3029",
2020-12-30T20:17:20.9196323Z     +       "value": "1973",
2020-12-30T20:17:20.9196862Z           },
2020-12-30T20:17:20.9197242Z           Object {
2020-12-30T20:17:20.9198140Z     -       "key": "Impressions-1973",
2020-12-30T20:17:20.9199115Z     +       "key": "Impressions-3029",
2020-12-30T20:17:20.9199710Z             "label": "Impressions",
2020-12-30T20:17:20.9200217Z             "styles": Object {
2020-12-30T20:17:20.9200947Z               "justify-content": "start",
2020-12-30T20:17:20.9201423Z             },
2020-12-30T20:17:20.9201994Z     -       "value": "1973",
2020-12-30T20:17:20.9202407Z     +       "value": "3029",
2020-12-30T20:17:20.9202782Z           },
2020-12-30T20:17:20.9203124Z         ],
2020-12-30T20:17:20.9203469Z         Array [
2020-12-30T20:17:20.9203861Z           Object {
2020-12-30T20:17:20.9204503Z     -       "key": "Clicks-63",
2020-12-30T20:17:20.9205142Z     +       "key": "Clicks-24",
2020-12-30T20:17:20.9205620Z             "label": "Clicks",
2020-12-30T20:17:20.9206298Z             "styles": Object {
2020-12-30T20:17:20.9207073Z               "justify-content": "start",
2020-12-30T20:17:20.9207534Z             },
2020-12-30T20:17:20.9208264Z     -       "value": "63",
2020-12-30T20:17:20.9208671Z     +       "value": "24",
2020-12-30T20:17:20.9209016Z           },
2020-12-30T20:17:20.9209384Z           Object {
2020-12-30T20:17:20.9263333Z     -       "key": "Clicks-24",
2020-12-30T20:17:20.9294498Z     +       "key": "Clicks-63",
2020-12-30T20:17:20.9362495Z             "label": "Clicks",
2020-12-30T20:17:20.9362990Z             "styles": Object {
2020-12-30T20:17:20.9363806Z               "justify-content": "start",
2020-12-30T20:17:20.9364222Z             },
2020-12-30T20:17:20.9364740Z     -       "value": "24",
2020-12-30T20:17:20.9365119Z     +       "value": "63",
2020-12-30T20:17:20.9365440Z           },
2020-12-30T20:17:20.9365746Z         ],
2020-12-30T20:17:20.9366046Z       ]
2020-12-30T20:17:20.9366255Z 
2020-12-30T20:17:20.9366937Z       64 |                 currencyCode, metric, originalAdMetrics, otherAdsMetrics, result,
2020-12-30T20:17:20.9367593Z       65 |             }))
2020-12-30T20:17:20.9368479Z     > 66 |                 .toEqual(inconclusiveAdsExperimentComparisonDataMock);
2020-12-30T20:17:20.9369307Z          |                  ^
2020-12-30T20:17:20.9369913Z       67 |         });
2020-12-30T20:17:20.9370263Z       68 |     });
2020-12-30T20:17:20.9370735Z       69 | });
2020-12-30T20:17:20.9370944Z 
2020-12-30T20:17:20.9372271Z       at Object.<anonymous> (__tests__/screens/workflow/automatic_card/ads_experiments/AdsExperimentsUtils.test.js:66:18)
2020-12-30T20:17:20.9373189Z 
2020-12-30T20:17:20.9374428Z FAIL __tests__/screens/workflow/automatic_card/ads_experiments/AdsExperimentsInboxContent.test.js
2020-12-30T20:17:20.9376660Z   ● AdsExperimentsInboxContent › Should render properly and match snapshot
2020-12-30T20:17:20.9377758Z 
2020-12-30T20:17:20.9378231Z     expect(received).toMatchSnapshot()
2020-12-30T20:17:20.9378601Z 
2020-12-30T20:17:20.9379392Z     Snapshot name: `AdsExperimentsInboxContent Should render properly and match snapshot 1`
2020-12-30T20:17:20.9380018Z 
2020-12-30T20:17:20.9380666Z     - Snapshot
2020-12-30T20:17:20.9381041Z     + Received
2020-12-30T20:17:20.9381277Z 
2020-12-30T20:17:20.9381757Z     @@ -129,11 +129,11 @@
2020-12-30T20:17:20.9382853Z                     class="VerticalTable__VerticalTableRowWrapper-sc-16sp7ng-2 gzdxYP"
2020-12-30T20:17:20.9383660Z                   >
2020-12-30T20:17:20.9384012Z                     <span
2020-12-30T20:17:20.9384954Z                       class="VerticalTable__RowCenterContent-sc-16sp7ng-3 fEfhlg"
2020-12-30T20:17:20.9385629Z                     >
2020-12-30T20:17:20.9386123Z     -                 2.08%
2020-12-30T20:17:20.9386473Z     +                 1.22%
2020-12-30T20:17:20.9386813Z                     </span>
2020-12-30T20:17:20.9387175Z                     <span
2020-12-30T20:17:20.9388093Z                       class="VerticalTable__RowRightContent-sc-16sp7ng-4 hcQeaN"
2020-12-30T20:17:20.9388887Z                     >
2020-12-30T20:17:20.9389225Z                       CTR
2020-12-30T20:17:20.9389714Z     @@ -148,11 +148,11 @@
2020-12-30T20:17:20.9390896Z                     class="VerticalTable__VerticalTableRowWrapper-sc-16sp7ng-2 gzdxYP"
2020-12-30T20:17:20.9391686Z                   >
2020-12-30T20:17:20.9392221Z                     <span
2020-12-30T20:17:20.9394022Z                       class="VerticalTable__RowCenterContent-sc-16sp7ng-3 fEfhlg"
2020-12-30T20:17:20.9394757Z                     >
2020-12-30T20:17:20.9395446Z     -                 1.22%
2020-12-30T20:17:20.9396166Z     +                 2.08%
2020-12-30T20:17:20.9397019Z                     </span>
2020-12-30T20:17:20.9397590Z                     <span
2020-12-30T20:17:20.9399197Z                       class="VerticalTable__RowRightContent-sc-16sp7ng-4 hcQeaN"
2020-12-30T20:17:20.9400031Z                     >
2020-12-30T20:17:20.9400532Z                       CTR
2020-12-30T20:17:20.9401040Z     @@ -171,11 +171,11 @@
2020-12-30T20:17:20.9402344Z                     class="VerticalTable__VerticalTableRowWrapper-sc-16sp7ng-2 gzdxYP"
2020-12-30T20:17:20.9403340Z                   >
2020-12-30T20:17:20.9403867Z                     <span
2020-12-30T20:17:20.9405066Z                       class="VerticalTable__RowCenterContent-sc-16sp7ng-3 fEfhlg"
2020-12-30T20:17:20.9405772Z                     >
2020-12-30T20:17:20.9406839Z     -                 3029
2020-12-30T20:17:20.9407529Z     +                 1973
2020-12-30T20:17:20.9407867Z                     </span>
2020-12-30T20:17:20.9408412Z                     <span
2020-12-30T20:17:20.9409546Z                       class="VerticalTable__RowRightContent-sc-16sp7ng-4 hcQeaN"
2020-12-30T20:17:20.9410833Z                     >
2020-12-30T20:17:20.9411482Z                       Impressions
2020-12-30T20:17:20.9412073Z     @@ -190,11 +190,11 @@
2020-12-30T20:17:20.9414087Z                     class="VerticalTable__VerticalTableRowWrapper-sc-16sp7ng-2 gzdxYP"
2020-12-30T20:17:20.9415307Z                   >
2020-12-30T20:17:20.9415847Z                     <span
2020-12-30T20:17:20.9416945Z                       class="VerticalTable__RowCenterContent-sc-16sp7ng-3 fEfhlg"
2020-12-30T20:17:20.9417605Z                     >
2020-12-30T20:17:20.9418094Z     -                 1973
2020-12-30T20:17:20.9418558Z     +                 3029
2020-12-30T20:17:20.9418920Z                     </span>
2020-12-30T20:17:20.9419472Z                     <span
2020-12-30T20:17:20.9420445Z                       class="VerticalTable__RowRightContent-sc-16sp7ng-4 hcQeaN"
2020-12-30T20:17:20.9421109Z                     >
2020-12-30T20:17:20.9421510Z                       Impressions
2020-12-30T20:17:20.9422071Z     @@ -213,11 +213,11 @@
2020-12-30T20:17:20.9423927Z                     class="VerticalTable__VerticalTableRowWrapper-sc-16sp7ng-2 gzdxYP"
2020-12-30T20:17:20.9424932Z                   >
2020-12-30T20:17:20.9425303Z                     <span
2020-12-30T20:17:20.9426290Z                       class="VerticalTable__RowCenterContent-sc-16sp7ng-3 fEfhlg"
2020-12-30T20:17:20.9427156Z                     >
2020-12-30T20:17:20.9427876Z     -                 63
2020-12-30T20:17:20.9428242Z     +                 24
2020-12-30T20:17:20.9428605Z                     </span>
2020-12-30T20:17:20.9428994Z                     <span
2020-12-30T20:17:20.9429974Z                       class="VerticalTable__RowRightContent-sc-16sp7ng-4 hcQeaN"
2020-12-30T20:17:20.9431382Z                     >
2020-12-30T20:17:20.9431922Z                       Clicks
2020-12-30T20:17:20.9432816Z     @@ -232,11 +232,11 @@
2020-12-30T20:17:20.9434935Z                     class="VerticalTable__VerticalTableRowWrapper-sc-16sp7ng-2 gzdxYP"
2020-12-30T20:17:20.9435978Z                   >
2020-12-30T20:17:20.9436513Z                     <span
2020-12-30T20:17:20.9437472Z                       class="VerticalTable__RowCenterContent-sc-16sp7ng-3 fEfhlg"
2020-12-30T20:17:20.9438324Z                     >
2020-12-30T20:17:20.9438840Z     -                 24
2020-12-30T20:17:20.9439205Z     +                 63
2020-12-30T20:17:20.9439567Z                     </span>
2020-12-30T20:17:20.9439948Z                     <span
2020-12-30T20:17:20.9440916Z                       class="VerticalTable__RowRightContent-sc-16sp7ng-4 hcQeaN"
2020-12-30T20:17:20.9441609Z                     >
2020-12-30T20:17:20.9441990Z                       Clicks
2020-12-30T20:17:20.9442249Z 
2020-12-30T20:17:20.9442575Z       32 |         );
2020-12-30T20:17:20.9442890Z       33 | 
2020-12-30T20:17:20.9443413Z     > 34 |         expect(container).toMatchSnapshot();
2020-12-30T20:17:20.9443941Z          |                           ^
2020-12-30T20:17:20.9444279Z       35 |     });
2020-12-30T20:17:20.9444610Z       36 | });
2020-12-30T20:17:20.9444932Z       37 | 
2020-12-30T20:17:20.9445149Z 
2020-12-30T20:17:20.9446159Z       at Object.<anonymous> (__tests__/screens/workflow/automatic_card/ads_experiments/AdsExperimentsInboxContent.test.js:34:27)
2020-12-30T20:17:20.9446990Z 
2020-12-30T20:17:20.9447199Z 
2020-12-30T20:17:20.9447588Z Snapshot Summary
2020-12-30T20:17:20.9449988Z  › 1 snapshot failed from 1 test suite. Inspect your code changes or run `npm run test:coverage:ci -- -u` to update them.
2020-12-30T20:17:20.9450681Z 
2020-12-30T20:17:20.9451295Z Test Suites: 2 failed, 339 passed, 341 total
2020-12-30T20:17:20.9452060Z Tests:       3 failed, 2 skipped, 1240 passed, 1245 total
2020-12-30T20:17:20.9453402Z Snapshots:   1 failed, 294 passed, 295 total
2020-12-30T20:17:20.9453871Z Time:        401.05s
2020-12-30T20:17:21.1565814Z npm ERR! code ELIFECYCLE
2020-12-30T20:17:21.1566879Z npm ERR! errno 1
2020-12-30T20:17:21.1577401Z npm ERR! saas-web@1.0.0 test:coverage:ci: `jest --ci --coverage --silent --maxWorkers=1 "--collectCoverageFrom=[\"domain/_screens/workflow/automatic-card/ads-experiments/AdsExperimentsComparison.js\",\"domain/_screens/workflow/automatic-card/ads-experiments/AdsExperimentsInboxContent.js\",\"domain/_screens/workflow/automatic-card/ads-experiments/AdsExperimentsTable.js\",\"domain/_screens/workflow/automatic-card/ads-experiments/ads-experiments.utils.js\"]"`
2020-12-30T20:17:21.1580812Z npm ERR! Exit status 1
2020-12-30T20:17:21.1581547Z npm ERR! 
2020-12-30T20:17:21.1582716Z npm ERR! Failed at the saas-web@1.0.0 test:coverage:ci script.
2020-12-30T20:17:21.1584430Z npm ERR! This is probably not a problem with npm. There is likely additional logging output above.
2020-12-30T20:17:21.1627773Z 
2020-12-30T20:17:21.1628900Z npm ERR! A complete log of this run can be found in:
2020-12-30T20:17:21.1632263Z npm ERR!     /home/runner/.npm/_logs/2020-12-30T20_17_21_157Z-debug.log
2020-12-30T20:17:21.1668187Z ##[error]Process completed with exit code 1.
2020-12-30T20:17:21.1712024Z Cleaning up orphan processes
